../Core/Src/main.c:92:6:HAL_UART_RxCpltCallback	16	static
../Core/Src/main.c:107:6:initSensorBuffer	16	static
../Core/Src/main.c:114:6:processSensorValues	16	static
../Core/Src/main.c:140:5:main	24	static
../Core/Src/main.c:223:6:SystemClock_Config	88	static
../Core/Src/main.c:265:13:MX_I2C1_Init	8	static
../Core/Src/main.c:299:13:MX_TIM1_Init	32	static
../Core/Src/main.c:345:13:MX_USART2_UART_Init	8	static
../Core/Src/main.c:378:13:MX_USART6_UART_Init	8	static
../Core/Src/main.c:411:13:MX_GPIO_Init	40	static
../Core/Src/main.c:444:6:Error_Handler	4	static,ignoring_inline_asm
