../Core/Src/main.c:105:6:HAL_UART_RxCpltCallback	16	static
../Core/Src/main.c:119:6:initSensorBuffer	16	static
../Core/Src/main.c:126:6:processSensorValues	16	static
../Core/Src/main.c:149:5:main	176	static
../Core/Src/main.c:250:6:SystemClock_Config	88	static
../Core/Src/main.c:289:13:MX_I2C1_Init	8	static
../Core/Src/main.c:321:13:MX_TIM1_Init	32	static
../Core/Src/main.c:364:13:MX_USART2_UART_Init	8	static
../Core/Src/main.c:395:13:MX_USART6_UART_Init	8	static
../Core/Src/main.c:426:13:MX_GPIO_Init	40	static
../Core/Src/main.c:462:6:StartDefaultTask	16	static
../Core/Src/main.c:478:6:StartSeperationTask	16	static
../Core/Src/main.c:494:6:StartSepSensorTask	24	static
../Core/Src/main.c:533:6:StartGPSTask	16	static
../Core/Src/main.c:552:6:StartCommTask	16	static
../Core/Src/main.c:576:6:HAL_TIM_PeriodElapsedCallback	16	static
../Core/Src/main.c:592:6:Error_Handler	4	static,ignoring_inline_asm
