Archive member included to satisfy reference by file (symbol)

C:/ST/STM32CubeIDE_1.13.2/STM32CubeIDE/plugins/com.st.stm32cube.ide.mcu.externaltools.gnu-tools-for-stm32.11.3.rel1.win32_1.1.1.202309131626/tools/bin/../lib/gcc/arm-none-eabi/11.3.1/../../../../arm-none-eabi/lib/thumb/v7e-m+fp/hard\libc_nano.a(libc_a-exit.o)
                              C:/ST/STM32CubeIDE_1.13.2/STM32CubeIDE/plugins/com.st.stm32cube.ide.mcu.externaltools.gnu-tools-for-stm32.11.3.rel1.win32_1.1.1.202309131626/tools/bin/../lib/gcc/arm-none-eabi/11.3.1/../../../../arm-none-eabi/lib/thumb/v7e-m+fp/hard/crt0.o (exit)
C:/ST/STM32CubeIDE_1.13.2/STM32CubeIDE/plugins/com.st.stm32cube.ide.mcu.externaltools.gnu-tools-for-stm32.11.3.rel1.win32_1.1.1.202309131626/tools/bin/../lib/gcc/arm-none-eabi/11.3.1/../../../../arm-none-eabi/lib/thumb/v7e-m+fp/hard\libc_nano.a(libc_a-findfp.o)
                              C:/ST/STM32CubeIDE_1.13.2/STM32CubeIDE/plugins/com.st.stm32cube.ide.mcu.externaltools.gnu-tools-for-stm32.11.3.rel1.win32_1.1.1.202309131626/tools/bin/../lib/gcc/arm-none-eabi/11.3.1/../../../../arm-none-eabi/lib/thumb/v7e-m+fp/hard\libc_nano.a(libc_a-exit.o) (__stdio_exit_handler)
C:/ST/STM32CubeIDE_1.13.2/STM32CubeIDE/plugins/com.st.stm32cube.ide.mcu.externaltools.gnu-tools-for-stm32.11.3.rel1.win32_1.1.1.202309131626/tools/bin/../lib/gcc/arm-none-eabi/11.3.1/../../../../arm-none-eabi/lib/thumb/v7e-m+fp/hard\libc_nano.a(libc_a-fwalk.o)
                              C:/ST/STM32CubeIDE_1.13.2/STM32CubeIDE/plugins/com.st.stm32cube.ide.mcu.externaltools.gnu-tools-for-stm32.11.3.rel1.win32_1.1.1.202309131626/tools/bin/../lib/gcc/arm-none-eabi/11.3.1/../../../../arm-none-eabi/lib/thumb/v7e-m+fp/hard\libc_nano.a(libc_a-findfp.o) (_fwalk_sglue)
C:/ST/STM32CubeIDE_1.13.2/STM32CubeIDE/plugins/com.st.stm32cube.ide.mcu.externaltools.gnu-tools-for-stm32.11.3.rel1.win32_1.1.1.202309131626/tools/bin/../lib/gcc/arm-none-eabi/11.3.1/../../../../arm-none-eabi/lib/thumb/v7e-m+fp/hard\libc_nano.a(libc_a-stdio.o)
                              C:/ST/STM32CubeIDE_1.13.2/STM32CubeIDE/plugins/com.st.stm32cube.ide.mcu.externaltools.gnu-tools-for-stm32.11.3.rel1.win32_1.1.1.202309131626/tools/bin/../lib/gcc/arm-none-eabi/11.3.1/../../../../arm-none-eabi/lib/thumb/v7e-m+fp/hard\libc_nano.a(libc_a-findfp.o) (__sread)
C:/ST/STM32CubeIDE_1.13.2/STM32CubeIDE/plugins/com.st.stm32cube.ide.mcu.externaltools.gnu-tools-for-stm32.11.3.rel1.win32_1.1.1.202309131626/tools/bin/../lib/gcc/arm-none-eabi/11.3.1/../../../../arm-none-eabi/lib/thumb/v7e-m+fp/hard\libc_nano.a(libc_a-memset.o)
                              C:/ST/STM32CubeIDE_1.13.2/STM32CubeIDE/plugins/com.st.stm32cube.ide.mcu.externaltools.gnu-tools-for-stm32.11.3.rel1.win32_1.1.1.202309131626/tools/bin/../lib/gcc/arm-none-eabi/11.3.1/../../../../arm-none-eabi/lib/thumb/v7e-m+fp/hard/crt0.o (memset)
C:/ST/STM32CubeIDE_1.13.2/STM32CubeIDE/plugins/com.st.stm32cube.ide.mcu.externaltools.gnu-tools-for-stm32.11.3.rel1.win32_1.1.1.202309131626/tools/bin/../lib/gcc/arm-none-eabi/11.3.1/../../../../arm-none-eabi/lib/thumb/v7e-m+fp/hard\libc_nano.a(libc_a-closer.o)
                              C:/ST/STM32CubeIDE_1.13.2/STM32CubeIDE/plugins/com.st.stm32cube.ide.mcu.externaltools.gnu-tools-for-stm32.11.3.rel1.win32_1.1.1.202309131626/tools/bin/../lib/gcc/arm-none-eabi/11.3.1/../../../../arm-none-eabi/lib/thumb/v7e-m+fp/hard\libc_nano.a(libc_a-stdio.o) (_close_r)
C:/ST/STM32CubeIDE_1.13.2/STM32CubeIDE/plugins/com.st.stm32cube.ide.mcu.externaltools.gnu-tools-for-stm32.11.3.rel1.win32_1.1.1.202309131626/tools/bin/../lib/gcc/arm-none-eabi/11.3.1/../../../../arm-none-eabi/lib/thumb/v7e-m+fp/hard\libc_nano.a(libc_a-reent.o)
                              C:/ST/STM32CubeIDE_1.13.2/STM32CubeIDE/plugins/com.st.stm32cube.ide.mcu.externaltools.gnu-tools-for-stm32.11.3.rel1.win32_1.1.1.202309131626/tools/bin/../lib/gcc/arm-none-eabi/11.3.1/../../../../arm-none-eabi/lib/thumb/v7e-m+fp/hard\libc_nano.a(libc_a-closer.o) (errno)
C:/ST/STM32CubeIDE_1.13.2/STM32CubeIDE/plugins/com.st.stm32cube.ide.mcu.externaltools.gnu-tools-for-stm32.11.3.rel1.win32_1.1.1.202309131626/tools/bin/../lib/gcc/arm-none-eabi/11.3.1/../../../../arm-none-eabi/lib/thumb/v7e-m+fp/hard\libc_nano.a(libc_a-impure.o)
                              C:/ST/STM32CubeIDE_1.13.2/STM32CubeIDE/plugins/com.st.stm32cube.ide.mcu.externaltools.gnu-tools-for-stm32.11.3.rel1.win32_1.1.1.202309131626/tools/bin/../lib/gcc/arm-none-eabi/11.3.1/../../../../arm-none-eabi/lib/thumb/v7e-m+fp/hard\libc_nano.a(libc_a-reent.o) (_impure_ptr)
C:/ST/STM32CubeIDE_1.13.2/STM32CubeIDE/plugins/com.st.stm32cube.ide.mcu.externaltools.gnu-tools-for-stm32.11.3.rel1.win32_1.1.1.202309131626/tools/bin/../lib/gcc/arm-none-eabi/11.3.1/../../../../arm-none-eabi/lib/thumb/v7e-m+fp/hard\libc_nano.a(libc_a-lseekr.o)
[...]
Memory Configuration

Name             Origin             Length             Attributes
RAM              0x0000000020000000 0x0000000000020000 xrw
FLASH            0x0000000008000000 0x0000000000080000 xr
*default*        0x0000000000000000 0xffffffffffffffff

Linker script and memory map

LOAD C:/ST/STM32CubeIDE_1.13.2/STM32CubeIDE/plugins/com.st.stm32cube.ide.mcu.externaltools.gnu-tools-for-stm32.11.3.rel1.win32_1.1.1.202309131626/tools/bin/../lib/gcc/arm-none-eabi/11.3.1/thumb/v7e-m+fp/hard/crti.o
LOAD C:/ST/STM32CubeIDE_1.13.2/STM32CubeIDE/plugins/com.st.stm32cube.ide.mcu.externaltools.gnu-tools-for-stm32.11.3.rel1.win32_1.1.1.202309131626/tools/bin/../lib/gcc/arm-none-eabi/11.3.1/thumb/v7e-m+fp/hard/crtbegin.o
LOAD C:/ST/STM32CubeIDE_1.13.2/STM32CubeIDE/plugins/com.st.stm32cube.ide.mcu.externaltools.gnu-tools-for-stm32.11.3.rel1.win32_1.1.1.202309131626/tools/bin/../lib/gcc/arm-none-eabi/11.3.1/../../../../arm-none-eabi/lib/thumb/v7e-m+fp/hard/crt0.o
LOAD ./Core/Src/bme280.o
LOAD ./Core/Src/main.o
LOAD ./Core/Src/mpu6050.o
LOAD ./Core/Src/stm32f4xx_hal_msp.o
LOAD ./Core/Src/stm32f4xx_it.o
LOAD ./Core/Src/syscalls.o
LOAD ./Core/Src/sysmem.o
LOAD ./Core/Src/system_stm32f4xx.o
LOAD ./Core/Startup/startup_stm32f446retx.o
LOAD ./Drivers/STM32F4xx_HAL_Driver/Src/stm32f4xx_hal.o
LOAD ./Drivers/STM32F4xx_HAL_Driver/Src/stm32f4xx_hal_cortex.o
LOAD ./Drivers/STM32F4xx_HAL_Driver/Src/stm32f4xx_hal_dma.o
LOAD ./Drivers/STM32F4xx_HAL_Driver/Src/stm32f4xx_hal_dma_ex.o
LOAD ./Drivers/STM32F4xx_HAL_Driver/Src/stm32f4xx_hal_exti.o
LOAD ./Drivers/STM32F4xx_HAL_Driver/Src/stm32f4xx_hal_flash.o
LOAD ./Drivers/STM32F4xx_HAL_Driver/Src/stm32f4xx_hal_flash_ex.o
LOAD ./Drivers/STM32F4xx_HAL_Driver/Src/stm32f4xx_hal_flash_ramfunc.o
LOAD ./Drivers/STM32F4xx_HAL_Driver/Src/stm32f4xx_hal_gpio.o
LOAD ./Drivers/STM32F4xx_HAL_Driver/Src/stm32f4xx_hal_i2c.o
LOAD ./Drivers/STM32F4xx_HAL_Driver/Src/stm32f4xx_hal_i2c_ex.o
LOAD ./Drivers/STM32F4xx_HAL_Driver/Src/stm32f4xx_hal_pwr.o
LOAD ./Drivers/STM32F4xx_HAL_Driver/Src/stm32f4xx_hal_pwr_ex.o
LOAD ./Drivers/STM32F4xx_HAL_Driver/Src/stm32f4xx_hal_rcc.o
LOAD ./Drivers/STM32F4xx_HAL_Driver/Src/stm32f4xx_hal_rcc_ex.o
LOAD ./Drivers/STM32F4xx_HAL_Driver/Src/stm32f4xx_hal_tim.o
LOAD ./Drivers/STM32F4xx_HAL_Driver/Src/stm32f4xx_hal_tim_ex.o
START GROUP
LOAD C:/ST/STM32CubeIDE_1.13.2/STM32CubeIDE/plugins/com.st.stm32cube.ide.mcu.externaltools.gnu-tools-for-stm32.11.3.rel1.win32_1.1.1.202309131626/tools/bin/../lib/gcc/arm-none-eabi/11.3.1/../../../../arm-none-eabi/lib/thumb/v7e-m+fp/hard\libc_nano.a
LOAD C:/ST/STM32CubeIDE_1.13.2/STM32CubeIDE/plugins/com.st.stm32cube.ide.mcu.externaltools.gnu-tools-for-stm32.11.3.rel1.win32_1.1.1.202309131626/tools/bin/../lib/gcc/arm-none-eabi/11.3.1/../../../../arm-none-eabi/lib/thumb/v7e-m+fp/hard\libm.a
END GROUP
START GROUP
LOAD C:/ST/STM32CubeIDE_1.13.2/STM32CubeIDE/plugins/com.st.stm32cube.ide.mcu.externaltools.gnu-tools-for-stm32.11.3.rel1.win32_1.1.1.202309131626/tools/bin/../lib/gcc/arm-none-eabi/11.3.1/thumb/v7e-m+fp/hard\libgcc.a
LOAD C:/ST/STM32CubeIDE_1.13.2/STM32CubeIDE/plugins/com.st.stm32cube.ide.mcu.externaltools.gnu-tools-for-stm32.11.3.rel1.win32_1.1.1.202309131626/tools/bin/../lib/gcc/arm-none-eabi/11.3.1/../../../../arm-none-eabi/lib/thumb/v7e-m+fp/hard\libc_nano.a
END GROUP
START GROUP
LOAD C:/ST/STM32CubeIDE_1.13.2/STM32CubeIDE/plugins/com.st.stm32cube.ide.mcu.externaltools.gnu-tools-for-stm32.11.3.rel1.win32_1.1.1.202309131626/tools/bin/../lib/gcc/arm-none-eabi/11.3.1/thumb/v7e-m+fp/hard\libgcc.a
LOAD C:/ST/STM32CubeIDE_1.13.2/STM32CubeIDE/plugins/com.st.stm32cube.ide.mcu.externaltools.gnu-tools-for-stm32.11.3.rel1.win32_1.1.1.202309131626/tools/bin/../lib/gcc/arm-none-eabi/11.3.1/../../../../arm-none-eabi/lib/thumb/v7e-m+fp/hard\libc_nano.a
LOAD C:/ST/STM32CubeIDE_1.13.2/STM32CubeIDE/plugins/com.st.stm32cube.ide.mcu.externaltools.gnu-tools-for-stm32.11.3.rel1.win32_1.1.1.202309131626/tools/bin/../lib/gcc/arm-none-eabi/11.3.1/../../../../arm-none-eabi/lib/thumb/v7e-m+fp/hard\libnosys.a
END GROUP
START GROUP
LOAD C:/ST/STM32CubeIDE_1.13.2/STM32CubeIDE/plugins/com.st.stm32cube.ide.mcu.externaltools.gnu-tools-for-stm32.11.3.rel1.win32_1.1.1.202309131626/tools/bin/../lib/gcc/arm-none-eabi/11.3.1/thumb/v7e-m+fp/hard\libgcc.a
LOAD C:/ST/STM32CubeIDE_1.13.2/STM32CubeIDE/plugins/com.st.stm32cube.ide.mcu.externaltools.gnu-tools-for-stm32.11.3.rel1.win32_1.1.1.202309131626/tools/bin/../lib/gcc/arm-none-eabi/11.3.1/../../../../arm-none-eabi/lib/thumb/v7e-m+fp/hard\libc_nano.a
LOAD C:/ST/STM32CubeIDE_1.13.2/STM32CubeIDE/plugins/com.st.stm32cube.ide.mcu.externaltools.gnu-tools-for-stm32.11.3.rel1.win32_1.1.1.202309131626/tools/bin/../lib/gcc/arm-none-eabi/11.3.1/../../../../arm-none-eabi/lib/thumb/v7e-m+fp/hard\libnosys.a
END GROUP
LOAD C:/ST/STM32CubeIDE_1.13.2/STM32CubeIDE/plugins/com.st.stm32cube.ide.mcu.externaltools.gnu-tools-for-stm32.11.3.rel1.win32_1.1.1.202309131626/tools/bin/../lib/gcc/arm-none-eabi/11.3.1/thumb/v7e-m+fp/hard/crtend.o
LOAD C:/ST/STM32CubeIDE_1.13.2/STM32CubeIDE/plugins/com.st.stm32cube.ide.mcu.externaltools.gnu-tools-for-stm32.11.3.rel1.win32_1.1.1.202309131626/tools/bin/../lib/gcc/arm-none-eabi/11.3.1/thumb/v7e-m+fp/hard/crtn.o
                0x0000000020020000                _estack = (ORIGIN (RAM) + LENGTH (RAM))
                0x0000000000000200                _Min_Heap_Size = 0x200
                0x0000000000000400                _Min_Stack_Size = 0x400

.isr_vector     0x0000000008000000      0x1c4
                0x0000000008000000                . = ALIGN (0x4)
 *(.isr_vector)
 .isr_vector    0x0000000008000000      0x1c4 ./Core/Startup/startup_stm32f446retx.o
                0x0000000008000000                g_pfnVectors
                0x00000000080001c4                . = ALIGN (0x4)

.text           0x00000000080001c8     0x6280
                0x00000000080001c8                . = ALIGN (0x4)
 *(.text)
 .text          0x00000000080001c8       0x40 C:/ST/STM32CubeIDE_1.13.2/STM32CubeIDE/plugins/com.st.stm32cube.ide.mcu.externaltools.gnu-tools-for-stm32.11.3.rel1.win32_1.1.1.202309131626/tools/bin/../lib/gcc/arm-none-eabi/11.3.1/thumb/v7e-m+fp/hard/crtbegin.o
 .text          0x0000000008000208      0x378 C:/ST/STM32CubeIDE_1.13.2/STM32CubeIDE/plugins/com.st.stm32cube.ide.mcu.externaltools.gnu-tools-for-stm32.11.3.rel1.win32_1.1.1.202309131626/tools/bin/../lib/gcc/arm-none-eabi/11.3.1/thumb/v7e-m+fp/hard\libgcc.a(_arm_addsubdf3.o)
                0x0000000008000208                __aeabi_drsub
                0x0000000008000210                __aeabi_dsub
                0x0000000008000210                __subdf3
                0x0000000008000214                __aeabi_dadd
                0x0000000008000214                __adddf3
                0x000000000800048c                __floatunsidf
                0x000000000800048c                __aeabi_ui2d
                0x00000000080004ac                __floatsidf
                0x00000000080004ac                __aeabi_i2d
                0x00000000080004d0                __aeabi_f2d
                0x00000000080004d0                __extendsfdf2
                0x0000000008000514                __floatundidf
                0x0000000008000514                __aeabi_ul2d
                0x0000000008000524                __floatdidf
                0x0000000008000524                __aeabi_l2d
 .text          0x0000000008000580      0x424 C:/ST/STM32CubeIDE_1.13.2/STM32CubeIDE/plugins/com.st.stm32cube.ide.mcu.externaltools.gnu-tools-for-stm32.11.3.rel1.win32_1.1.1.202309131626/tools/bin/../lib/gcc/arm-none-eabi/11.3.1/thumb/v7e-m+fp/hard\libgcc.a(_arm_muldivdf3.o)
                0x0000000008000580                __aeabi_dmul
                0x0000000008000580                __muldf3
                0x00000000080007d4                __divdf3
                0x00000000080007d4                __aeabi_ddiv
 .text          0x00000000080009a4      0x110 C:/ST/STM32CubeIDE_1.13.2/STM32CubeIDE/plugins/com.st.stm32cube.ide.mcu.externaltools.gnu-tools-for-stm32.11.3.rel1.win32_1.1.1.202309131626/tools/bin/../lib/gcc/arm-none-eabi/11.3.1/thumb/v7e-m+fp/hard\libgcc.a(_arm_cmpdf2.o)
                0x00000000080009a4                __gtdf2
                0x00000000080009a4                __gedf2
                0x00000000080009ac                __ltdf2
                0x00000000080009ac                __ledf2
                0x00000000080009b4                __nedf2
                0x00000000080009b4                __eqdf2
                0x00000000080009b4                __cmpdf2
                0x0000000008000a30                __aeabi_cdrcmple
                0x0000000008000a40                __aeabi_cdcmpeq
                0x0000000008000a40                __aeabi_cdcmple
                0x0000000008000a50                __aeabi_dcmpeq
                0x0000000008000a64                __aeabi_dcmplt
                0x0000000008000a78                __aeabi_dcmple
                0x0000000008000a8c                __aeabi_dcmpge
                0x0000000008000aa0                __aeabi_dcmpgt
 .text          0x0000000008000ab4       0x2c C:/ST/STM32CubeIDE_1.13.2/STM32CubeIDE/plugins/com.st.stm32cube.ide.mcu.externaltools.gnu-tools-for-stm32.11.3.rel1.win32_1.1.1.202309131626/tools/bin/../lib/gcc/arm-none-eabi/11.3.1/thumb/v7e-m+fp/hard\libgcc.a(_arm_unorddf2.o)
                0x0000000008000ab4                __unorddf2
                0x0000000008000ab4                __aeabi_dcmpun
 .text          0x0000000008000ae0       0xa0 C:/ST/STM32CubeIDE_1.13.2/STM32CubeIDE/plugins/com.st.stm32cube.ide.mcu.externaltools.gnu-tools-for-stm32.11.3.rel1.win32_1.1.1.202309131626/tools/bin/../lib/gcc/arm-none-eabi/11.3.1/thumb/v7e-m+fp/hard\libgcc.a(_arm_truncdfsf2.o)
                0x0000000008000ae0                __truncdfsf2
                0x0000000008000ae0                __aeabi_d2f
 .text          0x0000000008000b80       0xa0 C:/ST/STM32CubeIDE_1.13.2/STM32CubeIDE/plugins/com.st.stm32cube.ide.mcu.externaltools.gnu-tools-for-stm32.11.3.rel1.win32_1.1.1.202309131626/tools/bin/../lib/gcc/arm-none-eabi/11.3.1/thumb/v7e-m+fp/hard\libgcc.a(_aeabi_ldivmod.o)
                0x0000000008000b80                __aeabi_ldivmod
 .text          0x0000000008000c20       0x30 C:/ST/STM32CubeIDE_1.13.2/STM32CubeIDE/plugins/com.st.stm32cube.ide.mcu.externaltools.gnu-tools-for-stm32.11.3.rel1.win32_1.1.1.202309131626/tools/bin/../lib/gcc/arm-none-eabi/11.3.1/thumb/v7e-m+fp/hard\libgcc.a(_aeabi_uldivmod.o)
                0x0000000008000c20                __aeabi_uldivmod
 .text          0x0000000008000c50      0x2c8 C:/ST/STM32CubeIDE_1.13.2/STM32CubeIDE/plugins/com.st.stm32cube.ide.mcu.externaltools.gnu-tools-for-stm32.11.3.rel1.win32_1.1.1.202309131626/tools/bin/../lib/gcc/arm-none-eabi/11.3.1/thumb/v7e-m+fp/hard\libgcc.a(_udivmoddi4.o)
                0x0000000008000c50                __udivmoddi4
 .text          0x0000000008000f18        0x4 C:/ST/STM32CubeIDE_1.13.2/STM32CubeIDE/plugins/com.st.stm32cube.ide.mcu.externaltools.gnu-tools-for-stm32.11.3.rel1.win32_1.1.1.202309131626/tools/bin/../lib/gcc/arm-none-eabi/11.3.1/thumb/v7e-m+fp/hard\libgcc.a(_dvmd_tls.o)
                0x0000000008000f18                __aeabi_idiv0
                0x0000000008000f18                __aeabi_ldiv0
 *(.text*)
 .text.TrimRead
                0x0000000008000f1c      0x20c ./Core/Src/bme280.o
                0x0000000008000f1c                TrimRead
 .text.BME280_Config
                0x0000000008001128      0x1ac ./Core/Src/bme280.o
                0x0000000008001128                BME280_Config
 .text.BMEReadRaw
                0x00000000080012d4       0xa0 ./Core/Src/bme280.o
                0x00000000080012d4                BMEReadRaw
 .text.BME280_compensate_T_int32
                0x0000000008001374       0x84 ./Core/Src/bme280.o
                0x0000000008001374                BME280_compensate_T_int32
 .text.BME280_compensate_P_int64
                0x00000000080013f8      0x58c ./Core/Src/bme280.o
                0x00000000080013f8                BME280_compensate_P_int64
 .text.bme280_compensate_H_int32
                0x0000000008001984       0xd8 ./Core/Src/bme280.o
                0x0000000008001984                bme280_compensate_H_int32
 .text.BME280_Pressure
                0x0000000008001a5c       0x84 ./Core/Src/bme280.o
                0x0000000008001a5c                BME280_Pressure
 .text.BME280_Humidity
                0x0000000008001ae0       0x84 ./Core/Src/bme280.o
                0x0000000008001ae0                BME280_Humidity
 .text.BME280_Temperature
                0x0000000008001b64       0x84 ./Core/Src/bme280.o
                0x0000000008001b64                BME280_Temperature
 .text.BME280_Altitude
                0x0000000008001be8       0xbc ./Core/Src/bme280.o
                0x0000000008001be8                BME280_Altitude
 .text.BME280_Kalman_Alt
                0x0000000008001ca4      0x154 ./Core/Src/bme280.o
                0x0000000008001ca4                BME280_Kalman_Alt
 .text.BME280_Kalman_Press
                0x0000000008001df8      0x140 ./Core/Src/bme280.o
                0x0000000008001df8                BME280_Kalman_Press
 .text.BME280_Kalman_Hum
                0x0000000008001f38      0x140 ./Core/Src/bme280.o
                0x0000000008001f38                BME280_Kalman_Hum
 .text.BME280_Kalman_Temp
                0x0000000008002078      0x140 ./Core/Src/bme280.o
                0x0000000008002078                BME280_Kalman_Temp
 .text.main     0x00000000080021b8      0x1f0 ./Core/Src/main.o
                0x00000000080021b8                main
 .text.SystemClock_Config
                0x00000000080023a8       0xc0 ./Core/Src/main.o
                0x00000000080023a8                SystemClock_Config
 .text.MX_I2C1_Init
                0x0000000008002468       0x5c ./Core/Src/main.o
 .text.MX_GPIO_Init
                0x00000000080024c4       0x50 ./Core/Src/main.o
 .text.Error_Handler
                0x0000000008002514        0xa ./Core/Src/main.o
                0x0000000008002514                Error_Handler
 *fill*         0x000000000800251e        0x2 
 .text.MPU6050_Init
                0x0000000008002520       0xac ./Core/Src/mpu6050.o
                0x0000000008002520                MPU6050_Init
 .text.MPU6050_Accel_Config
                0x00000000080025cc       0x70 ./Core/Src/mpu6050.o
                0x00000000080025cc                MPU6050_Accel_Config
 .text.MPU6050_Read_Accel_X
                0x000000000800263c       0x4c ./Core/Src/mpu6050.o
                0x000000000800263c                MPU6050_Read_Accel_X
 .text.MPU6050_Read_Accel_Y
                0x0000000008002688       0x4c ./Core/Src/mpu6050.o
                0x0000000008002688                MPU6050_Read_Accel_Y
 .text.MPU6050_Read_Accel_Z
                0x00000000080026d4       0x4c ./Core/Src/mpu6050.o
                0x00000000080026d4                MPU6050_Read_Accel_Z
 .text.MPU6050_Gyro_Config
                0x0000000008002720       0x70 ./Core/Src/mpu6050.o
                0x0000000008002720                MPU6050_Gyro_Config
 .text.MPU6050_Read_Gyro_X
                0x0000000008002790       0x50 ./Core/Src/mpu6050.o
                0x0000000008002790                MPU6050_Read_Gyro_X
 .text.MPU6050_Roll_Angle
                0x00000000080027e0       0x5c ./Core/Src/mpu6050.o
                0x00000000080027e0                MPU6050_Roll_Angle
 .text.MPU6050_Kalman_Roll_Angle
                0x000000000800283c      0x148 ./Core/Src/mpu6050.o
                0x000000000800283c                MPU6050_Kalman_Roll_Angle
 .text.MPU6050_Kalman_Accel_X
                0x0000000008002984      0x144 ./Core/Src/mpu6050.o
                0x0000000008002984                MPU6050_Kalman_Accel_X
 .text.MPU6050_Kalman_Accel_Y
                0x0000000008002ac8      0x144 ./Core/Src/mpu6050.o
                0x0000000008002ac8                MPU6050_Kalman_Accel_Y
 .text.MPU6050_Kalman_Accel_Z
                0x0000000008002c0c      0x144 ./Core/Src/mpu6050.o
                0x0000000008002c0c                MPU6050_Kalman_Accel_Z
 .text.MPU6050_Kalman_Gyro_X
                0x0000000008002d50      0x144 ./Core/Src/mpu6050.o
                0x0000000008002d50                MPU6050_Kalman_Gyro_X
 .text.HAL_MspInit
                0x0000000008002e94       0x50 ./Core/Src/stm32f4xx_hal_msp.o
                0x0000000008002e94                HAL_MspInit
 .text.HAL_I2C_MspInit
                0x0000000008002ee4       0x90 ./Core/Src/stm32f4xx_hal_msp.o
                0x0000000008002ee4                HAL_I2C_MspInit
 .text.NMI_Handler
                0x0000000008002f74        0x6 ./Core/Src/stm32f4xx_it.o
                0x0000000008002f74                NMI_Handler
 .text.HardFault_Handler
                0x0000000008002f7a        0x6 ./Core/Src/stm32f4xx_it.o
                0x0000000008002f7a                HardFault_Handler
 .text.MemManage_Handler
                0x0000000008002f80        0x6 ./Core/Src/stm32f4xx_it.o
                0x0000000008002f80                MemManage_Handler
 .text.BusFault_Handler
                0x0000000008002f86        0x6 ./Core/Src/stm32f4xx_it.o
                0x0000000008002f86                BusFault_Handler
 .text.UsageFault_Handler
                0x0000000008002f8c        0x6 ./Core/Src/stm32f4xx_it.o
                0x0000000008002f8c                UsageFault_Handler
 .text.SVC_Handler
                0x0000000008002f92        0xe ./Core/Src/stm32f4xx_it.o
                0x0000000008002f92                SVC_Handler
 .text.DebugMon_Handler
                0x0000000008002fa0        0xe ./Core/Src/stm32f4xx_it.o
                0x0000000008002fa0                DebugMon_Handler
 .text.PendSV_Handler
                0x0000000008002fae        0xe ./Core/Src/stm32f4xx_it.o
                0x0000000008002fae                PendSV_Handler
 .text.SysTick_Handler
                0x0000000008002fbc        0xc ./Core/Src/stm32f4xx_it.o
                0x0000000008002fbc                SysTick_Handler
 .text.SystemInit
                0x0000000008002fc8       0x24 ./Core/Src/system_stm32f4xx.o
                0x0000000008002fc8                SystemInit
 .text.Reset_Handler
                0x0000000008002fec       0x50 ./Core/Startup/startup_stm32f446retx.o
                0x0000000008002fec                Reset_Handler
 .text.Default_Handler
                0x000000000800303c        0x2 ./Core/Startup/startup_stm32f446retx.o
                0x000000000800303c                RTC_Alarm_IRQHandler
                0x000000000800303c                EXTI2_IRQHandler
                0x000000000800303c                TIM8_CC_IRQHandler
                0x000000000800303c                FMPI2C1_EV_IRQHandler
                0x000000000800303c                SPI4_IRQHandler
                0x000000000800303c                TIM1_CC_IRQHandler
                0x000000000800303c                DMA2_Stream5_IRQHandler
                0x000000000800303c                DMA1_Stream5_IRQHandler
                0x000000000800303c                PVD_IRQHandler
                0x000000000800303c                SDIO_IRQHandler
                0x000000000800303c                TAMP_STAMP_IRQHandler
                0x000000000800303c                CAN2_RX1_IRQHandler
                0x000000000800303c                EXTI3_IRQHandler
                0x000000000800303c                TIM8_TRG_COM_TIM14_IRQHandler
                0x000000000800303c                TIM1_UP_TIM10_IRQHandler
                0x000000000800303c                TIM8_UP_TIM13_IRQHandler
                0x000000000800303c                I2C3_ER_IRQHandler
                0x000000000800303c                EXTI0_IRQHandler
                0x000000000800303c                I2C2_EV_IRQHandler
                0x000000000800303c                DMA1_Stream2_IRQHandler
                0x000000000800303c                CAN1_RX0_IRQHandler
                0x000000000800303c                FPU_IRQHandler
                0x000000000800303c                OTG_HS_WKUP_IRQHandler
                0x000000000800303c                CAN2_SCE_IRQHandler
                0x000000000800303c                DMA2_Stream2_IRQHandler
                0x000000000800303c                SPI1_IRQHandler
                0x000000000800303c                TIM6_DAC_IRQHandler
                0x000000000800303c                TIM1_BRK_TIM9_IRQHandler
                0x000000000800303c                DCMI_IRQHandler
                0x000000000800303c                CAN2_RX0_IRQHandler
                0x000000000800303c                DMA2_Stream3_IRQHandler
                0x000000000800303c                SAI2_IRQHandler
                0x000000000800303c                USART6_IRQHandler
                0x000000000800303c                USART3_IRQHandler
                0x000000000800303c                CAN1_RX1_IRQHandler
                0x000000000800303c                UART5_IRQHandler
                0x000000000800303c                DMA2_Stream0_IRQHandler
                0x000000000800303c                TIM4_IRQHandler
                0x000000000800303c                QUADSPI_IRQHandler
                0x000000000800303c                I2C1_EV_IRQHandler
                0x000000000800303c                DMA1_Stream6_IRQHandler
                0x000000000800303c                DMA1_Stream1_IRQHandler
                0x000000000800303c                UART4_IRQHandler
                0x000000000800303c                TIM3_IRQHandler
                0x000000000800303c                RCC_IRQHandler
                0x000000000800303c                TIM8_BRK_TIM12_IRQHandler
                0x000000000800303c                Default_Handler
                0x000000000800303c                CEC_IRQHandler
                0x000000000800303c                EXTI15_10_IRQHandler
                0x000000000800303c                ADC_IRQHandler
                0x000000000800303c                DMA1_Stream7_IRQHandler
                0x000000000800303c                TIM7_IRQHandler
                0x000000000800303c                CAN2_TX_IRQHandler
                0x000000000800303c                TIM5_IRQHandler
                0x000000000800303c                DMA2_Stream7_IRQHandler
                0x000000000800303c                I2C3_EV_IRQHandler
                0x000000000800303c                EXTI9_5_IRQHandler
                0x000000000800303c                RTC_WKUP_IRQHandler
                0x000000000800303c                SPDIF_RX_IRQHandler
                0x000000000800303c                SPI2_IRQHandler
                0x000000000800303c                OTG_HS_EP1_IN_IRQHandler
                0x000000000800303c                DMA1_Stream0_IRQHandler
                0x000000000800303c                CAN1_TX_IRQHandler
                0x000000000800303c                FMPI2C1_ER_IRQHandler
                0x000000000800303c                EXTI4_IRQHandler
                0x000000000800303c                OTG_HS_EP1_OUT_IRQHandler
                0x000000000800303c                WWDG_IRQHandler
                0x000000000800303c                TIM2_IRQHandler
                0x000000000800303c                OTG_FS_WKUP_IRQHandler
                0x000000000800303c                TIM1_TRG_COM_TIM11_IRQHandler
                0x000000000800303c                OTG_HS_IRQHandler
                0x000000000800303c                EXTI1_IRQHandler
                0x000000000800303c                USART2_IRQHandler
                0x000000000800303c                I2C2_ER_IRQHandler
                0x000000000800303c                DMA2_Stream1_IRQHandler
                0x000000000800303c                CAN1_SCE_IRQHandler
                0x000000000800303c                FLASH_IRQHandler
                0x000000000800303c                DMA2_Stream4_IRQHandler
                0x000000000800303c                USART1_IRQHandler
                0x000000000800303c                OTG_FS_IRQHandler
                0x000000000800303c                SPI3_IRQHandler
                0x000000000800303c                DMA1_Stream4_IRQHandler
                0x000000000800303c                I2C1_ER_IRQHandler
                0x000000000800303c                FMC_IRQHandler
                0x000000000800303c                DMA2_Stream6_IRQHandler
                0x000000000800303c                SAI1_IRQHandler
                0x000000000800303c                DMA1_Stream3_IRQHandler
 *fill*         0x000000000800303e        0x2 
 .text.HAL_Init
                0x0000000008003040       0x44 ./Drivers/STM32F4xx_HAL_Driver/Src/stm32f4xx_hal.o
                0x0000000008003040                HAL_Init
 .text.HAL_InitTick
                0x0000000008003084       0x60 ./Drivers/STM32F4xx_HAL_Driver/Src/stm32f4xx_hal.o
                0x0000000008003084                HAL_InitTick
 .text.HAL_IncTick
                0x00000000080030e4       0x28 ./Drivers/STM32F4xx_HAL_Driver/Src/stm32f4xx_hal.o
                0x00000000080030e4                HAL_IncTick
 .text.HAL_GetTick
                0x000000000800310c       0x18 ./Drivers/STM32F4xx_HAL_Driver/Src/stm32f4xx_hal.o
                0x000000000800310c                HAL_GetTick
 .text.HAL_Delay
                0x0000000008003124       0x48 ./Drivers/STM32F4xx_HAL_Driver/Src/stm32f4xx_hal.o
                0x0000000008003124                HAL_Delay
 .text.__NVIC_SetPriorityGrouping
                0x000000000800316c       0x48 ./Drivers/STM32F4xx_HAL_Driver/Src/stm32f4xx_hal_cortex.o
 .text.__NVIC_GetPriorityGrouping
                0x00000000080031b4       0x1c ./Drivers/STM32F4xx_HAL_Driver/Src/stm32f4xx_hal_cortex.o
 .text.__NVIC_SetPriority
                0x00000000080031d0       0x54 ./Drivers/STM32F4xx_HAL_Driver/Src/stm32f4xx_hal_cortex.o
 .text.NVIC_EncodePriority
                0x0000000008003224       0x66 ./Drivers/STM32F4xx_HAL_Driver/Src/stm32f4xx_hal_cortex.o
 *fill*         0x000000000800328a        0x2 
 .text.SysTick_Config
                0x000000000800328c       0x44 ./Drivers/STM32F4xx_HAL_Driver/Src/stm32f4xx_hal_cortex.o
 .text.HAL_NVIC_SetPriorityGrouping
                0x00000000080032d0       0x16 ./Drivers/STM32F4xx_HAL_Driver/Src/stm32f4xx_hal_cortex.o
                0x00000000080032d0                HAL_NVIC_SetPriorityGrouping
 .text.HAL_NVIC_SetPriority
                0x00000000080032e6       0x38 ./Drivers/STM32F4xx_HAL_Driver/Src/stm32f4xx_hal_cortex.o
                0x00000000080032e6                HAL_NVIC_SetPriority
 .text.HAL_SYSTICK_Config
                0x000000000800331e       0x18 ./Drivers/STM32F4xx_HAL_Driver/Src/stm32f4xx_hal_cortex.o
                0x000000000800331e                HAL_SYSTICK_Config
 *fill*         0x0000000008003336        0x2 
 .text.HAL_GPIO_Init
                0x0000000008003338      0x328 ./Drivers/STM32F4xx_HAL_Driver/Src/stm32f4xx_hal_gpio.o
                0x0000000008003338                HAL_GPIO_Init
 .text.HAL_I2C_Init
                0x0000000008003660      0x288 ./Drivers/STM32F4xx_HAL_Driver/Src/stm32f4xx_hal_i2c.o
                0x0000000008003660                HAL_I2C_Init
 .text.HAL_I2C_Mem_Write
                0x00000000080038e8      0x1f4 ./Drivers/STM32F4xx_HAL_Driver/Src/stm32f4xx_hal_i2c.o
                0x00000000080038e8                HAL_I2C_Mem_Write
 .text.HAL_I2C_Mem_Read
                0x0000000008003adc      0x44c ./Drivers/STM32F4xx_HAL_Driver/Src/stm32f4xx_hal_i2c.o
                0x0000000008003adc                HAL_I2C_Mem_Read
 .text.I2C_RequestMemoryWrite
                0x0000000008003f28      0x12c ./Drivers/STM32F4xx_HAL_Driver/Src/stm32f4xx_hal_i2c.o
 .text.I2C_RequestMemoryRead
                0x0000000008004054      0x1d0 ./Drivers/STM32F4xx_HAL_Driver/Src/stm32f4xx_hal_i2c.o
 .text.I2C_WaitOnFlagUntilTimeout
                0x0000000008004224       0xae ./Drivers/STM32F4xx_HAL_Driver/Src/stm32f4xx_hal_i2c.o
 .text.I2C_WaitOnMasterAddressFlagUntilTimeout
                0x00000000080042d2       0xfe ./Drivers/STM32F4xx_HAL_Driver/Src/stm32f4xx_hal_i2c.o
 .text.I2C_WaitOnTXEFlagUntilTimeout
                0x00000000080043d0       0x82 ./Drivers/STM32F4xx_HAL_Driver/Src/stm32f4xx_hal_i2c.o
 .text.I2C_WaitOnBTFFlagUntilTimeout
                0x0000000008004452       0x82 ./Drivers/STM32F4xx_HAL_Driver/Src/stm32f4xx_hal_i2c.o
 .text.I2C_WaitOnRXNEFlagUntilTimeout
                0x00000000080044d4       0xac ./Drivers/STM32F4xx_HAL_Driver/Src/stm32f4xx_hal_i2c.o
 .text.I2C_IsAcknowledgeFailed
                0x0000000008004580       0x5e ./Drivers/STM32F4xx_HAL_Driver/Src/stm32f4xx_hal_i2c.o
 *fill*         0x00000000080045de        0x2 
 .text.HAL_RCC_ClockConfig
                0x00000000080045e0      0x1cc ./Drivers/STM32F4xx_HAL_Driver/Src/stm32f4xx_hal_rcc.o
                0x00000000080045e0                HAL_RCC_ClockConfig
 .text.HAL_RCC_GetHCLKFreq
                0x00000000080047ac       0x18 ./Drivers/STM32F4xx_HAL_Driver/Src/stm32f4xx_hal_rcc.o
                0x00000000080047ac                HAL_RCC_GetHCLKFreq
 .text.HAL_RCC_GetPCLK1Freq
                0x00000000080047c4       0x28 ./Drivers/STM32F4xx_HAL_Driver/Src/stm32f4xx_hal_rcc.o
                0x00000000080047c4                HAL_RCC_GetPCLK1Freq
 .text.HAL_RCC_GetSysClockFreq
                0x00000000080047ec      0x354 ./Drivers/STM32F4xx_HAL_Driver/Src/stm32f4xx_hal_rcc_ex.o
                0x00000000080047ec                HAL_RCC_GetSysClockFreq
 .text.HAL_RCC_OscConfig
                0x0000000008004b40      0x53c ./Drivers/STM32F4xx_HAL_Driver/Src/stm32f4xx_hal_rcc_ex.o
                0x0000000008004b40                HAL_RCC_OscConfig
 .text.memset   0x000000000800507c       0x10 C:/ST/STM32CubeIDE_1.13.2/STM32CubeIDE/plugins/com.st.stm32cube.ide.mcu.externaltools.gnu-tools-for-stm32.11.3.rel1.win32_1.1.1.202309131626/tools/bin/../lib/gcc/arm-none-eabi/11.3.1/../../../../arm-none-eabi/lib/thumb/v7e-m+fp/hard\libc_nano.a(libc_a-memset.o)
                0x000000000800507c                memset
 .text.__errno  0x000000000800508c        0xc C:/ST/STM32CubeIDE_1.13.2/STM32CubeIDE/plugins/com.st.stm32cube.ide.mcu.externaltools.gnu-tools-for-stm32.11.3.rel1.win32_1.1.1.202309131626/tools/bin/../lib/gcc/arm-none-eabi/11.3.1/../../../../arm-none-eabi/lib/thumb/v7e-m+fp/hard\libc_nano.a(libc_a-errno.o)
                0x000000000800508c                __errno
 .text.__libc_init_array
                0x0000000008005098       0x48 C:/ST/STM32CubeIDE_1.13.2/STM32CubeIDE/plugins/com.st.stm32cube.ide.mcu.externaltools.gnu-tools-for-stm32.11.3.rel1.win32_1.1.1.202309131626/tools/bin/../lib/gcc/arm-none-eabi/11.3.1/../../../../arm-none-eabi/lib/thumb/v7e-m+fp/hard\libc_nano.a(libc_a-init.o)
                0x0000000008005098                __libc_init_array
 .text.atan2    0x00000000080050e0        0x4 C:/ST/STM32CubeIDE_1.13.2/STM32CubeIDE/plugins/com.st.stm32cube.ide.mcu.externaltools.gnu-tools-for-stm32.11.3.rel1.win32_1.1.1.202309131626/tools/bin/../lib/gcc/arm-none-eabi/11.3.1/../../../../arm-none-eabi/lib/thumb/v7e-m+fp/hard\libm.a(libm_a-w_atan2.o)
                0x00000000080050e0                atan2
 .text.pow      0x00000000080050e4       0xe0 C:/ST/STM32CubeIDE_1.13.2/STM32CubeIDE/plugins/com.st.stm32cube.ide.mcu.externaltools.gnu-tools-for-stm32.11.3.rel1.win32_1.1.1.202309131626/tools/bin/../lib/gcc/arm-none-eabi/11.3.1/../../../../arm-none-eabi/lib/thumb/v7e-m+fp/hard\libm.a(libm_a-w_pow.o)
                0x00000000080050e4                pow
 .text.finite   0x00000000080051c4       0x16 C:/ST/STM32CubeIDE_1.13.2/STM32CubeIDE/plugins/com.st.stm32cube.ide.mcu.externaltools.gnu-tools-for-stm32.11.3.rel1.win32_1.1.1.202309131626/tools/bin/../lib/gcc/arm-none-eabi/11.3.1/../../../../arm-none-eabi/lib/thumb/v7e-m+fp/hard\libm.a(libm_a-s_finite.o)
                0x00000000080051c4                finite
 *fill*         0x00000000080051da        0x6 
 .text.__ieee754_atan2
                0x00000000080051e0      0x18c C:/ST/STM32CubeIDE_1.13.2/STM32CubeIDE/plugins/com.st.stm32cube.ide.mcu.externaltools.gnu-tools-for-stm32.11.3.rel1.win32_1.1.1.202309131626/tools/bin/../lib/gcc/arm-none-eabi/11.3.1/../../../../arm-none-eabi/lib/thumb/v7e-m+fp/hard\libm.a(libm_a-e_atan2.o)
                0x00000000080051e0                __ieee754_atan2
 *fill*         0x000000000800536c        0x4 
 .text.__ieee754_pow
                0x0000000008005370      0xa54 C:/ST/STM32CubeIDE_1.13.2/STM32CubeIDE/plugins/com.st.stm32cube.ide.mcu.externaltools.gnu-tools-for-stm32.11.3.rel1.win32_1.1.1.202309131626/tools/bin/../lib/gcc/arm-none-eabi/11.3.1/../../../../arm-none-eabi/lib/thumb/v7e-m+fp/hard\libm.a(libm_a-e_pow.o)
                0x0000000008005370                __ieee754_pow
 *fill*         0x0000000008005dc4        0x4 
 .text.atan     0x0000000008005dc8      0x340 C:/ST/STM32CubeIDE_1.13.2/STM32CubeIDE/plugins/com.st.stm32cube.ide.mcu.externaltools.gnu-tools-for-stm32.11.3.rel1.win32_1.1.1.202309131626/tools/bin/../lib/gcc/arm-none-eabi/11.3.1/../../../../arm-none-eabi/lib/thumb/v7e-m+fp/hard\libm.a(libm_a-s_atan.o)
                0x0000000008005dc8                atan
 .text.fabs     0x0000000008006108       0x12 C:/ST/STM32CubeIDE_1.13.2/STM32CubeIDE/plugins/com.st.stm32cube.ide.mcu.externaltools.gnu-tools-for-stm32.11.3.rel1.win32_1.1.1.202309131626/tools/bin/../lib/gcc/arm-none-eabi/11.3.1/../../../../arm-none-eabi/lib/thumb/v7e-m+fp/hard\libm.a(libm_a-s_fabs.o)
                0x0000000008006108                fabs
 *fill*         0x000000000800611a        0x6 
 .text.scalbn   0x0000000008006120       0xfc C:/ST/STM32CubeIDE_1.13.2/STM32CubeIDE/plugins/com.st.stm32cube.ide.mcu.externaltools.gnu-tools-for-stm32.11.3.rel1.win32_1.1.1.202309131626/tools/bin/../lib/gcc/arm-none-eabi/11.3.1/../../../../arm-none-eabi/lib/thumb/v7e-m+fp/hard\libm.a(libm_a-s_scalbn.o)
                0x0000000008006120                scalbn
 .text.with_errno
                0x000000000800621c       0x14 C:/ST/STM32CubeIDE_1.13.2/STM32CubeIDE/plugins/com.st.stm32cube.ide.mcu.externaltools.gnu-tools-for-stm32.11.3.rel1.win32_1.1.1.202309131626/tools/bin/../lib/gcc/arm-none-eabi/11.3.1/../../../../arm-none-eabi/lib/thumb/v7e-m+fp/hard\libm.a(libm_a-math_err.o)
 .text.xflow    0x0000000008006230       0x28 C:/ST/STM32CubeIDE_1.13.2/STM32CubeIDE/plugins/com.st.stm32cube.ide.mcu.externaltools.gnu-tools-for-stm32.11.3.rel1.win32_1.1.1.202309131626/tools/bin/../lib/gcc/arm-none-eabi/11.3.1/../../../../arm-none-eabi/lib/thumb/v7e-m+fp/hard\libm.a(libm_a-math_err.o)
 .text.__math_uflow
                0x0000000008006258       0x12 C:/ST/STM32CubeIDE_1.13.2/STM32CubeIDE/plugins/com.st.stm32cube.ide.mcu.externaltools.gnu-tools-for-stm32.11.3.rel1.win32_1.1.1.202309131626/tools/bin/../lib/gcc/arm-none-eabi/11.3.1/../../../../arm-none-eabi/lib/thumb/v7e-m+fp/hard\libm.a(libm_a-math_err.o)
                0x0000000008006258                __math_uflow
 .text.__math_oflow
                0x000000000800626a       0x12 C:/ST/STM32CubeIDE_1.13.2/STM32CubeIDE/plugins/com.st.stm32cube.ide.mcu.externaltools.gnu-tools-for-stm32.11.3.rel1.win32_1.1.1.202309131626/tools/bin/../lib/gcc/arm-none-eabi/11.3.1/../../../../arm-none-eabi/lib/thumb/v7e-m+fp/hard\libm.a(libm_a-math_err.o)
                0x000000000800626a                __math_oflow
 .text.__ieee754_sqrt
                0x000000000800627c      0x1b4 C:/ST/STM32CubeIDE_1.13.2/STM32CubeIDE/plugins/com.st.stm32cube.ide.mcu.externaltools.gnu-tools-for-stm32.11.3.rel1.win32_1.1.1.202309131626/tools/bin/../lib/gcc/arm-none-eabi/11.3.1/../../../../arm-none-eabi/lib/thumb/v7e-m+fp/hard\libm.a(libm_a-e_sqrt.o)
                0x000000000800627c                __ieee754_sqrt
 *(.glue_7)
 .glue_7        0x0000000008006430        0x0 linker stubs
 *(.glue_7t)
 .glue_7t       0x0000000008006430        0x0 linker stubs
 *(.eh_frame)
 .eh_frame      0x0000000008006430        0x0 C:/ST/STM32CubeIDE_1.13.2/STM32CubeIDE/plugins/com.st.stm32cube.ide.mcu.externaltools.gnu-tools-for-stm32.11.3.rel1.win32_1.1.1.202309131626/tools/bin/../lib/gcc/arm-none-eabi/11.3.1/thumb/v7e-m+fp/hard/crtbegin.o
 *(.init)
 .init          0x0000000008006430        0x4 C:/ST/STM32CubeIDE_1.13.2/STM32CubeIDE/plugins/com.st.stm32cube.ide.mcu.externaltools.gnu-tools-for-stm32.11.3.rel1.win32_1.1.1.202309131626/tools/bin/../lib/gcc/arm-none-eabi/11.3.1/thumb/v7e-m+fp/hard/crti.o
                0x0000000008006430                _init
 .init          0x0000000008006434        0x8 C:/ST/STM32CubeIDE_1.13.2/STM32CubeIDE/plugins/com.st.stm32cube.ide.mcu.externaltools.gnu-tools-for-stm32.11.3.rel1.win32_1.1.1.202309131626/tools/bin/../lib/gcc/arm-none-eabi/11.3.1/thumb/v7e-m+fp/hard/crtn.o
 *(.fini)
 .fini          0x000000000800643c        0x4 C:/ST/STM32CubeIDE_1.13.2/STM32CubeIDE/plugins/com.st.stm32cube.ide.mcu.externaltools.gnu-tools-for-stm32.11.3.rel1.win32_1.1.1.202309131626/tools/bin/../lib/gcc/arm-none-eabi/11.3.1/thumb/v7e-m+fp/hard/crti.o
                0x000000000800643c                _fini
 .fini          0x0000000008006440        0x8 C:/ST/STM32CubeIDE_1.13.2/STM32CubeIDE/plugins/com.st.stm32cube.ide.mcu.externaltools.gnu-tools-for-stm32.11.3.rel1.win32_1.1.1.202309131626/tools/bin/../lib/gcc/arm-none-eabi/11.3.1/thumb/v7e-m+fp/hard/crtn.o
                0x0000000008006448                . = ALIGN (0x4)
                0x0000000008006448                _etext = .

.vfp11_veneer   0x0000000008006448        0x0
 .vfp11_veneer  0x0000000008006448        0x0 linker stubs

.v4_bx          0x0000000008006448        0x0
 .v4_bx         0x0000000008006448        0x0 linker stubs

.iplt           0x0000000008006448        0x0
 .iplt          0x0000000008006448        0x0 C:/ST/STM32CubeIDE_1.13.2/STM32CubeIDE/plugins/com.st.stm32cube.ide.mcu.externaltools.gnu-tools-for-stm32.11.3.rel1.win32_1.1.1.202309131626/tools/bin/../lib/gcc/arm-none-eabi/11.3.1/thumb/v7e-m+fp/hard/crtbegin.o

.rodata         0x0000000008006448       0xf8
                0x0000000008006448                . = ALIGN (0x4)
 *(.rodata)
 *(.rodata*)
 .rodata.H0.22  0x0000000008006448        0x8 ./Core/Src/bme280.o
 .rodata.R0.21  0x0000000008006450        0x8 ./Core/Src/bme280.o
 .rodata.H1.16  0x0000000008006458        0x8 ./Core/Src/bme280.o
 .rodata.R1.15  0x0000000008006460        0x8 ./Core/Src/bme280.o
 .rodata.H2.10  0x0000000008006468        0x8 ./Core/Src/bme280.o
 .rodata.R2.9   0x0000000008006470        0x8 ./Core/Src/bme280.o
 .rodata.H3.4   0x0000000008006478        0x8 ./Core/Src/bme280.o
 .rodata.R3.3   0x0000000008006480        0x8 ./Core/Src/bme280.o
 .rodata.AHBPrescTable
                0x0000000008006488       0x10 ./Core/Src/system_stm32f4xx.o
                0x0000000008006488                AHBPrescTable
 .rodata.APBPrescTable
                0x0000000008006498        0x8 ./Core/Src/system_stm32f4xx.o
                0x0000000008006498                APBPrescTable
 .rodata.CSWTCH.8
                0x00000000080064a0       0x18 C:/ST/STM32CubeIDE_1.13.2/STM32CubeIDE/plugins/com.st.stm32cube.ide.mcu.externaltools.gnu-tools-for-stm32.11.3.rel1.win32_1.1.1.202309131626/tools/bin/../lib/gcc/arm-none-eabi/11.3.1/../../../../arm-none-eabi/lib/thumb/v7e-m+fp/hard\libm.a(libm_a-e_atan2.o)
 .rodata.CSWTCH.9
                0x00000000080064b8       0x18 C:/ST/STM32CubeIDE_1.13.2/STM32CubeIDE/plugins/com.st.stm32cube.ide.mcu.externaltools.gnu-tools-for-stm32.11.3.rel1.win32_1.1.1.202309131626/tools/bin/../lib/gcc/arm-none-eabi/11.3.1/../../../../arm-none-eabi/lib/thumb/v7e-m+fp/hard\libm.a(libm_a-e_atan2.o)
 .rodata.bp     0x00000000080064d0       0x10 C:/ST/STM32CubeIDE_1.13.2/STM32CubeIDE/plugins/com.st.stm32cube.ide.mcu.externaltools.gnu-tools-for-stm32.11.3.rel1.win32_1.1.1.202309131626/tools/bin/../lib/gcc/arm-none-eabi/11.3.1/../../../../arm-none-eabi/lib/thumb/v7e-m+fp/hard\libm.a(libm_a-e_pow.o)
 .rodata.dp_h   0x00000000080064e0       0x10 C:/ST/STM32CubeIDE_1.13.2/STM32CubeIDE/plugins/com.st.stm32cube.ide.mcu.externaltools.gnu-tools-for-stm32.11.3.rel1.win32_1.1.1.202309131626/tools/bin/../lib/gcc/arm-none-eabi/11.3.1/../../../../arm-none-eabi/lib/thumb/v7e-m+fp/hard\libm.a(libm_a-e_pow.o)
 .rodata.dp_l   0x00000000080064f0       0x10 C:/ST/STM32CubeIDE_1.13.2/STM32CubeIDE/plugins/com.st.stm32cube.ide.mcu.externaltools.gnu-tools-for-stm32.11.3.rel1.win32_1.1.1.202309131626/tools/bin/../lib/gcc/arm-none-eabi/11.3.1/../../../../arm-none-eabi/lib/thumb/v7e-m+fp/hard\libm.a(libm_a-e_pow.o)
 .rodata.atanhi
                0x0000000008006500       0x20 C:/ST/STM32CubeIDE_1.13.2/STM32CubeIDE/plugins/com.st.stm32cube.ide.mcu.externaltools.gnu-tools-for-stm32.11.3.rel1.win32_1.1.1.202309131626/tools/bin/../lib/gcc/arm-none-eabi/11.3.1/../../../../arm-none-eabi/lib/thumb/v7e-m+fp/hard\libm.a(libm_a-s_atan.o)
 .rodata.atanlo
                0x0000000008006520       0x20 C:/ST/STM32CubeIDE_1.13.2/STM32CubeIDE/plugins/com.st.stm32cube.ide.mcu.externaltools.gnu-tools-for-stm32.11.3.rel1.win32_1.1.1.202309131626/tools/bin/../lib/gcc/arm-none-eabi/11.3.1/../../../../arm-none-eabi/lib/thumb/v7e-m+fp/hard\libm.a(libm_a-s_atan.o)
                0x0000000008006540                . = ALIGN (0x4)

.ARM.extab      0x0000000008006540        0x0
                0x0000000008006540                . = ALIGN (0x4)
 *(.ARM.extab* .gnu.linkonce.armextab.*)
                0x0000000008006540                . = ALIGN (0x4)

.ARM            0x0000000008006540        0x8
                0x0000000008006540                . = ALIGN (0x4)
                0x0000000008006540                __exidx_start = .
 *(.ARM.exidx*)
 .ARM.exidx     0x0000000008006540        0x8 C:/ST/STM32CubeIDE_1.13.2/STM32CubeIDE/plugins/com.st.stm32cube.ide.mcu.externaltools.gnu-tools-for-stm32.11.3.rel1.win32_1.1.1.202309131626/tools/bin/../lib/gcc/arm-none-eabi/11.3.1/thumb/v7e-m+fp/hard\libgcc.a(_udivmoddi4.o)
                0x0000000008006548                __exidx_end = .
                0x0000000008006548                . = ALIGN (0x4)

.rel.dyn        0x0000000008006548        0x0
 .rel.iplt      0x0000000008006548        0x0 C:/ST/STM32CubeIDE_1.13.2/STM32CubeIDE/plugins/com.st.stm32cube.ide.mcu.externaltools.gnu-tools-for-stm32.11.3.rel1.win32_1.1.1.202309131626/tools/bin/../lib/gcc/arm-none-eabi/11.3.1/thumb/v7e-m+fp/hard/crtbegin.o

.preinit_array  0x0000000008006548        0x0
                0x0000000008006548                . = ALIGN (0x4)
                0x0000000008006548                PROVIDE (__preinit_array_start = .)
 *(.preinit_array*)
                0x0000000008006548                PROVIDE (__preinit_array_end = .)
                0x0000000008006548                . = ALIGN (0x4)

.init_array     0x0000000008006548        0x4
                0x0000000008006548                . = ALIGN (0x4)
                0x0000000008006548                PROVIDE (__init_array_start = .)
 *(SORT_BY_NAME(.init_array.*))
 *(.init_array*)
 .init_array    0x0000000008006548        0x4 C:/ST/STM32CubeIDE_1.13.2/STM32CubeIDE/plugins/com.st.stm32cube.ide.mcu.externaltools.gnu-tools-for-stm32.11.3.rel1.win32_1.1.1.202309131626/tools/bin/../lib/gcc/arm-none-eabi/11.3.1/thumb/v7e-m+fp/hard/crtbegin.o
                0x000000000800654c                PROVIDE (__init_array_end = .)
                0x000000000800654c                . = ALIGN (0x4)

.fini_array     0x000000000800654c        0x4
                0x000000000800654c                . = ALIGN (0x4)
                [!provide]                        PROVIDE (__fini_array_start = .)
 *(SORT_BY_NAME(.fini_array.*))
 *(.fini_array*)
 .fini_array    0x000000000800654c        0x4 C:/ST/STM32CubeIDE_1.13.2/STM32CubeIDE/plugins/com.st.stm32cube.ide.mcu.externaltools.gnu-tools-for-stm32.11.3.rel1.win32_1.1.1.202309131626/tools/bin/../lib/gcc/arm-none-eabi/11.3.1/thumb/v7e-m+fp/hard/crtbegin.o
                [!provide]                        PROVIDE (__fini_array_end = .)
                0x0000000008006550                . = ALIGN (0x4)
                0x0000000008006550                _sidata = LOADADDR (.data)

.data           0x0000000020000000       0xd8 load address 0x0000000008006550
                0x0000000020000000                . = ALIGN (0x4)
                0x0000000020000000                _sdata = .
 *(.data)
 *(.data*)
 .data.SeaLevel
                0x0000000020000000        0x4 ./Core/Src/bme280.o
                0x0000000020000000                SeaLevel
 *fill*         0x0000000020000004        0x4 
 .data.Q0.18    0x0000000020000008        0x8 ./Core/Src/bme280.o
 .data.U1_hat.13
                0x0000000020000010        0x8 ./Core/Src/bme280.o
 .data.Q1.12    0x0000000020000018        0x8 ./Core/Src/bme280.o
 .data.U2_hat.7
                0x0000000020000020        0x8 ./Core/Src/bme280.o
 .data.Q2.6     0x0000000020000028        0x8 ./Core/Src/bme280.o
 .data.U3_hat.1
                0x0000000020000030        0x8 ./Core/Src/bme280.o
 .data.Q3.0     0x0000000020000038        0x8 ./Core/Src/bme280.o
 .data.Q0       0x0000000020000040        0x8 ./Core/Src/mpu6050.o
 .data.Q1       0x0000000020000048        0x8 ./Core/Src/mpu6050.o
 .data.Q2       0x0000000020000050        0x8 ./Core/Src/mpu6050.o
 .data.Q3       0x0000000020000058        0x8 ./Core/Src/mpu6050.o
 .data.Q4       0x0000000020000060        0x8 ./Core/Src/mpu6050.o
 .data.SystemCoreClock
                0x0000000020000068        0x4 ./Core/Src/system_stm32f4xx.o
                0x0000000020000068                SystemCoreClock
 .data.uwTickPrio
                0x000000002000006c        0x4 ./Drivers/STM32F4xx_HAL_Driver/Src/stm32f4xx_hal.o
                0x000000002000006c                uwTickPrio
 .data.uwTickFreq
                0x0000000020000070        0x1 ./Drivers/STM32F4xx_HAL_Driver/Src/stm32f4xx_hal.o
                0x0000000020000070                uwTickFreq
 *fill*         0x0000000020000071        0x3 
 .data._impure_data
                0x0000000020000074       0x4c C:/ST/STM32CubeIDE_1.13.2/STM32CubeIDE/plugins/com.st.stm32cube.ide.mcu.externaltools.gnu-tools-for-stm32.11.3.rel1.win32_1.1.1.202309131626/tools/bin/../lib/gcc/arm-none-eabi/11.3.1/../../../../arm-none-eabi/lib/thumb/v7e-m+fp/hard\libc_nano.a(libc_a-impure.o)
                0x0000000020000074                _impure_data
 .data._impure_ptr
                0x00000000200000c0        0x4 C:/ST/STM32CubeIDE_1.13.2/STM32CubeIDE/plugins/com.st.stm32cube.ide.mcu.externaltools.gnu-tools-for-stm32.11.3.rel1.win32_1.1.1.202309131626/tools/bin/../lib/gcc/arm-none-eabi/11.3.1/../../../../arm-none-eabi/lib/thumb/v7e-m+fp/hard\libc_nano.a(libc_a-impure.o)
                0x00000000200000c0                _impure_ptr
 *fill*         0x00000000200000c4        0x4 
 .data.one      0x00000000200000c8        0x8 C:/ST/STM32CubeIDE_1.13.2/STM32CubeIDE/plugins/com.st.stm32cube.ide.mcu.externaltools.gnu-tools-for-stm32.11.3.rel1.win32_1.1.1.202309131626/tools/bin/../lib/gcc/arm-none-eabi/11.3.1/../../../../arm-none-eabi/lib/thumb/v7e-m+fp/hard\libm.a(libm_a-e_sqrt.o)
 .data.tiny     0x00000000200000d0        0x8 C:/ST/STM32CubeIDE_1.13.2/STM32CubeIDE/plugins/com.st.stm32cube.ide.mcu.externaltools.gnu-tools-for-stm32.11.3.rel1.win32_1.1.1.202309131626/tools/bin/../lib/gcc/arm-none-eabi/11.3.1/../../../../arm-none-eabi/lib/thumb/v7e-m+fp/hard\libm.a(libm_a-e_sqrt.o)
 *(.RamFunc)
 *(.RamFunc*)
                0x00000000200000d8                . = ALIGN (0x4)
                0x00000000200000d8                _edata = .

.igot.plt       0x00000000200000d8        0x0 load address 0x0000000008006628
 .igot.plt      0x00000000200000d8        0x0 C:/ST/STM32CubeIDE_1.13.2/STM32CubeIDE/plugins/com.st.stm32cube.ide.mcu.externaltools.gnu-tools-for-stm32.11.3.rel1.win32_1.1.1.202309131626/tools/bin/../lib/gcc/arm-none-eabi/11.3.1/thumb/v7e-m+fp/hard/crtbegin.o
                0x00000000200000d8                . = ALIGN (0x4)

.bss            0x00000000200000d8      0x32c load address 0x0000000008006628
                0x00000000200000d8                _sbss = .
                0x00000000200000d8                __bss_start__ = _sbss
 *(.bss)
 .bss           0x00000000200000d8       0x1c C:/ST/STM32CubeIDE_1.13.2/STM32CubeIDE/plugins/com.st.stm32cube.ide.mcu.externaltools.gnu-tools-for-stm32.11.3.rel1.win32_1.1.1.202309131626/tools/bin/../lib/gcc/arm-none-eabi/11.3.1/thumb/v7e-m+fp/hard/crtbegin.o
 *(.bss*)
 .bss.chipID    0x00000000200000f4        0x1 ./Core/Src/bme280.o
                0x00000000200000f4                chipID
 *fill*         0x00000000200000f5        0x3 
 .bss.trimdata  0x00000000200000f8       0x20 ./Core/Src/bme280.o
                0x00000000200000f8                trimdata
 .bss.dig_T1    0x0000000020000118        0x2 ./Core/Src/bme280.o
                0x0000000020000118                dig_T1
 .bss.dig_P1    0x000000002000011a        0x2 ./Core/Src/bme280.o
                0x000000002000011a                dig_P1
 .bss.dig_H1    0x000000002000011c        0x2 ./Core/Src/bme280.o
                0x000000002000011c                dig_H1
 .bss.dig_H3    0x000000002000011e        0x2 ./Core/Src/bme280.o
                0x000000002000011e                dig_H3
 .bss.dig_T2    0x0000000020000120        0x2 ./Core/Src/bme280.o
                0x0000000020000120                dig_T2
 .bss.dig_T3    0x0000000020000122        0x2 ./Core/Src/bme280.o
                0x0000000020000122                dig_T3
 .bss.dig_P2    0x0000000020000124        0x2 ./Core/Src/bme280.o
                0x0000000020000124                dig_P2
 .bss.dig_P3    0x0000000020000126        0x2 ./Core/Src/bme280.o
                0x0000000020000126                dig_P3
 .bss.dig_P4    0x0000000020000128        0x2 ./Core/Src/bme280.o
                0x0000000020000128                dig_P4
 .bss.dig_P5    0x000000002000012a        0x2 ./Core/Src/bme280.o
                0x000000002000012a                dig_P5
 .bss.dig_P6    0x000000002000012c        0x2 ./Core/Src/bme280.o
                0x000000002000012c                dig_P6
 .bss.dig_P7    0x000000002000012e        0x2 ./Core/Src/bme280.o
                0x000000002000012e                dig_P7
 .bss.dig_P8    0x0000000020000130        0x2 ./Core/Src/bme280.o
                0x0000000020000130                dig_P8
 .bss.dig_P9    0x0000000020000132        0x2 ./Core/Src/bme280.o
                0x0000000020000132                dig_P9
 .bss.dig_H2    0x0000000020000134        0x2 ./Core/Src/bme280.o
                0x0000000020000134                dig_H2
 .bss.dig_H4    0x0000000020000136        0x2 ./Core/Src/bme280.o
                0x0000000020000136                dig_H4
 .bss.dig_H5    0x0000000020000138        0x2 ./Core/Src/bme280.o
                0x0000000020000138                dig_H5
 .bss.dig_H6    0x000000002000013a        0x2 ./Core/Src/bme280.o
                0x000000002000013a                dig_H6
 .bss.tRaw      0x000000002000013c        0x4 ./Core/Src/bme280.o
                0x000000002000013c                tRaw
 .bss.pRaw      0x0000000020000140        0x4 ./Core/Src/bme280.o
                0x0000000020000140                pRaw
 .bss.hRaw      0x0000000020000144        0x4 ./Core/Src/bme280.o
                0x0000000020000144                hRaw
 .bss.Altitude  0x0000000020000148        0x4 ./Core/Src/bme280.o
                0x0000000020000148                Altitude
 .bss.PressValue
                0x000000002000014c        0x4 ./Core/Src/bme280.o
                0x000000002000014c                PressValue
 .bss.t_fine    0x0000000020000150        0x4 ./Core/Src/bme280.o
                0x0000000020000150                t_fine
 *fill*         0x0000000020000154        0x4 
 .bss.P0.23     0x0000000020000158        0x8 ./Core/Src/bme280.o
 .bss.K0.20     0x0000000020000160        0x8 ./Core/Src/bme280.o
 .bss.U0_hat.19
                0x0000000020000168        0x8 ./Core/Src/bme280.o
 .bss.P1.17     0x0000000020000170        0x8 ./Core/Src/bme280.o
 .bss.K1.14     0x0000000020000178        0x8 ./Core/Src/bme280.o
 .bss.P2.11     0x0000000020000180        0x8 ./Core/Src/bme280.o
 .bss.K2.8      0x0000000020000188        0x8 ./Core/Src/bme280.o
 .bss.P3.5      0x0000000020000190        0x8 ./Core/Src/bme280.o
 .bss.K3.2      0x0000000020000198        0x8 ./Core/Src/bme280.o
 .bss.hi2c1     0x00000000200001a0       0x54 ./Core/Src/main.o
                0x00000000200001a0                hi2c1
 .bss.RollAng   0x00000000200001f4        0x4 ./Core/Src/main.o
                0x00000000200001f4                RollAng
 .bss.Altitude1
                0x00000000200001f8        0x4 ./Core/Src/main.o
                0x00000000200001f8                Altitude1
 .bss.Temperature
                0x00000000200001fc        0x4 ./Core/Src/main.o
                0x00000000200001fc                Temperature
 .bss.Pressure  0x0000000020000200        0x4 ./Core/Src/main.o
                0x0000000020000200                Pressure
 .bss.Humidity  0x0000000020000204        0x4 ./Core/Src/main.o
                0x0000000020000204                Humidity
 .bss.acX       0x0000000020000208        0x4 ./Core/Src/main.o
                0x0000000020000208                acX
 .bss.acY       0x000000002000020c        0x4 ./Core/Src/main.o
                0x000000002000020c                acY
 .bss.acZ       0x0000000020000210        0x4 ./Core/Src/main.o
                0x0000000020000210                acZ
 .bss.gyX       0x0000000020000214        0x4 ./Core/Src/main.o
                0x0000000020000214                gyX
 .bss.gyY       0x0000000020000218        0x4 ./Core/Src/main.o
                0x0000000020000218                gyY
 .bss.gyZ       0x000000002000021c        0x4 ./Core/Src/main.o
                0x000000002000021c                gyZ
 .bss.Alt       0x0000000020000220        0x4 ./Core/Src/main.o
                0x0000000020000220                Alt
 .bss.T         0x0000000020000224        0x4 ./Core/Src/main.o
                0x0000000020000224                T
 .bss.P         0x0000000020000228        0x4 ./Core/Src/main.o
                0x0000000020000228                P
 .bss.H         0x000000002000022c        0x4 ./Core/Src/main.o
                0x000000002000022c                H
 .bss.Ax        0x0000000020000230        0x4 ./Core/Src/mpu6050.o
                0x0000000020000230                Ax
 .bss.Ay        0x0000000020000234        0x4 ./Core/Src/mpu6050.o
                0x0000000020000234                Ay
 .bss.Az        0x0000000020000238        0x4 ./Core/Src/mpu6050.o
                0x0000000020000238                Az
 .bss.Gx        0x000000002000023c        0x4 ./Core/Src/mpu6050.o
                0x000000002000023c                Gx
 .bss.Accel_X_RAW
                0x0000000020000240        0x2 ./Core/Src/mpu6050.o
                0x0000000020000240                Accel_X_RAW
 .bss.Accel_Y_RAW
                0x0000000020000242        0x2 ./Core/Src/mpu6050.o
                0x0000000020000242                Accel_Y_RAW
 .bss.Accel_Z_RAW
                0x0000000020000244        0x2 ./Core/Src/mpu6050.o
                0x0000000020000244                Accel_Z_RAW
 .bss.Gyro_X_RAW
                0x0000000020000246        0x2 ./Core/Src/mpu6050.o
                0x0000000020000246                Gyro_X_RAW
 .bss.Gyro_Y_RAW
                0x0000000020000248        0x2 ./Core/Src/mpu6050.o
                0x0000000020000248                Gyro_Y_RAW
 .bss.Gyro_Z_RAW
                0x000000002000024a        0x2 ./Core/Src/mpu6050.o
                0x000000002000024a                Gyro_Z_RAW
 *fill*         0x000000002000024c        0x4 
 .bss.P0        0x0000000020000250        0x8 ./Core/Src/mpu6050.o
 .bss.K0        0x0000000020000258        0x8 ./Core/Src/mpu6050.o
 .bss.P1        0x0000000020000260        0x8 ./Core/Src/mpu6050.o
 .bss.K1        0x0000000020000268        0x8 ./Core/Src/mpu6050.o
 .bss.P2        0x0000000020000270        0x8 ./Core/Src/mpu6050.o
 .bss.K2        0x0000000020000278        0x8 ./Core/Src/mpu6050.o
 .bss.P3        0x0000000020000280        0x8 ./Core/Src/mpu6050.o
 .bss.K3        0x0000000020000288        0x8 ./Core/Src/mpu6050.o
 .bss.P4        0x0000000020000290        0x8 ./Core/Src/mpu6050.o
 .bss.K4        0x0000000020000298        0x8 ./Core/Src/mpu6050.o
 .bss.RollAng_U_hat.7
                0x00000000200002a0        0x8 ./Core/Src/mpu6050.o
 .bss.Accel_X_U_hat.6
                0x00000000200002a8        0x8 ./Core/Src/mpu6050.o
 .bss.Accel_Y_U_hat.5
                0x00000000200002b0        0x8 ./Core/Src/mpu6050.o
 .bss.Accel_Z_U_hat.4
                0x00000000200002b8        0x8 ./Core/Src/mpu6050.o
 .bss.Gyro_X_U_hat.3
                0x00000000200002c0        0x8 ./Core/Src/mpu6050.o
 .bss.uwTick    0x00000000200002c8        0x4 ./Drivers/STM32F4xx_HAL_Driver/Src/stm32f4xx_hal.o
                0x00000000200002c8                uwTick
 .bss.__sf      0x00000000200002cc      0x138 C:/ST/STM32CubeIDE_1.13.2/STM32CubeIDE/plugins/com.st.stm32cube.ide.mcu.externaltools.gnu-tools-for-stm32.11.3.rel1.win32_1.1.1.202309131626/tools/bin/../lib/gcc/arm-none-eabi/11.3.1/../../../../arm-none-eabi/lib/thumb/v7e-m+fp/hard\libc_nano.a(libc_a-findfp.o)
                0x00000000200002cc                __sf
 *(COMMON)
                0x0000000020000404                . = ALIGN (0x4)
                0x0000000020000404                _ebss = .
                0x0000000020000404                __bss_end__ = _ebss

._user_heap_stack
                0x0000000020000404      0x604 load address 0x0000000008006628
                0x0000000020000408                . = ALIGN (0x8)
 *fill*         0x0000000020000404        0x4 
                [!provide]                        PROVIDE (end = .)
                0x0000000020000408                PROVIDE (_end = .)
                0x0000000020000608                . = (. + _Min_Heap_Size)
 *fill*         0x0000000020000408      0x200 
                0x0000000020000a08                . = (. + _Min_Stack_Size)
 *fill*         0x0000000020000608      0x400 
                0x0000000020000a08                . = ALIGN (0x8)

/DISCARD/
 libc.a(*)
 libm.a(*)
 libgcc.a(*)

.ARM.attributes
                0x0000000000000000       0x30
 *(.ARM.attributes)
 .ARM.attributes
                0x0000000000000000       0x1e C:/ST/STM32CubeIDE_1.13.2/STM32CubeIDE/plugins/com.st.stm32cube.ide.mcu.externaltools.gnu-tools-for-stm32.11.3.rel1.win32_1.1.1.202309131626/tools/bin/../lib/gcc/arm-none-eabi/11.3.1/thumb/v7e-m+fp/hard/crti.o
 .ARM.attributes
                0x000000000000001e       0x34 C:/ST/STM32CubeIDE_1.13.2/STM32CubeIDE/plugins/com.st.stm32cube.ide.mcu.externaltools.gnu-tools-for-stm32.11.3.rel1.win32_1.1.1.202309131626/tools/bin/../lib/gcc/arm-none-eabi/11.3.1/thumb/v7e-m+fp/hard/crtbegin.o
 .ARM.attributes
                0x0000000000000052       0x34 ./Core/Src/bme280.o
 .ARM.attributes
                0x0000000000000086       0x34 ./Core/Src/main.o
 .ARM.attributes
                0x00000000000000ba       0x34 ./Core/Src/mpu6050.o
 .ARM.attributes
                0x00000000000000ee       0x34 ./Core/Src/stm32f4xx_hal_msp.o
 .ARM.attributes
                0x0000000000000122       0x34 ./Core/Src/stm32f4xx_it.o
 .ARM.attributes
                0x0000000000000156       0x34 ./Core/Src/system_stm32f4xx.o
 .ARM.attributes
                0x000000000000018a       0x21 ./Core/Startup/startup_stm32f446retx.o
 .ARM.attributes
                0x00000000000001ab       0x34 ./Drivers/STM32F4xx_HAL_Driver/Src/stm32f4xx_hal.o
 .ARM.attributes
                0x00000000000001df       0x34 ./Drivers/STM32F4xx_HAL_Driver/Src/stm32f4xx_hal_cortex.o
 .ARM.attributes
                0x0000000000000213       0x34 ./Drivers/STM32F4xx_HAL_Driver/Src/stm32f4xx_hal_gpio.o
 .ARM.attributes
                0x0000000000000247       0x34 ./Drivers/STM32F4xx_HAL_Driver/Src/stm32f4xx_hal_i2c.o
 .ARM.attributes
                0x000000000000027b       0x34 ./Drivers/STM32F4xx_HAL_Driver/Src/stm32f4xx_hal_rcc.o
 .ARM.attributes
                0x00000000000002af       0x34 ./Drivers/STM32F4xx_HAL_Driver/Src/stm32f4xx_hal_rcc_ex.o
 .ARM.attributes
                0x00000000000002e3       0x34 C:/ST/STM32CubeIDE_1.13.2/STM32CubeIDE/plugins/com.st.stm32cube.ide.mcu.externaltools.gnu-tools-for-stm32.11.3.rel1.win32_1.1.1.202309131626/tools/bin/../lib/gcc/arm-none-eabi/11.3.1/../../../../arm-none-eabi/lib/thumb/v7e-m+fp/hard\libc_nano.a(libc_a-findfp.o)
 .ARM.attributes
                0x0000000000000317       0x34 C:/ST/STM32CubeIDE_1.13.2/STM32CubeIDE/plugins/com.st.stm32cube.ide.mcu.externaltools.gnu-tools-for-stm32.11.3.rel1.win32_1.1.1.202309131626/tools/bin/../lib/gcc/arm-none-eabi/11.3.1/../../../../arm-none-eabi/lib/thumb/v7e-m+fp/hard\libc_nano.a(libc_a-memset.o)
 .ARM.attributes
                0x000000000000034b       0x34 C:/ST/STM32CubeIDE_1.13.2/STM32CubeIDE/plugins/com.st.stm32cube.ide.mcu.externaltools.gnu-tools-for-stm32.11.3.rel1.win32_1.1.1.202309131626/tools/bin/../lib/gcc/arm-none-eabi/11.3.1/../../../../arm-none-eabi/lib/thumb/v7e-m+fp/hard\libc_nano.a(libc_a-impure.o)
 .ARM.attributes
                0x000000000000037f       0x34 C:/ST/STM32CubeIDE_1.13.2/STM32CubeIDE/plugins/com.st.stm32cube.ide.mcu.externaltools.gnu-tools-for-stm32.11.3.rel1.win32_1.1.1.202309131626/tools/bin/../lib/gcc/arm-none-eabi/11.3.1/../../../../arm-none-eabi/lib/thumb/v7e-m+fp/hard\libc_nano.a(libc_a-errno.o)
 .ARM.attributes
                0x00000000000003b3       0x34 C:/ST/STM32CubeIDE_1.13.2/STM32CubeIDE/plugins/com.st.stm32cube.ide.mcu.externaltools.gnu-tools-for-stm32.11.3.rel1.win32_1.1.1.202309131626/tools/bin/../lib/gcc/arm-none-eabi/11.3.1/../../../../arm-none-eabi/lib/thumb/v7e-m+fp/hard\libc_nano.a(libc_a-init.o)
 .ARM.attributes
                0x00000000000003e7       0x34 C:/ST/STM32CubeIDE_1.13.2/STM32CubeIDE/plugins/com.st.stm32cube.ide.mcu.externaltools.gnu-tools-for-stm32.11.3.rel1.win32_1.1.1.202309131626/tools/bin/../lib/gcc/arm-none-eabi/11.3.1/../../../../arm-none-eabi/lib/thumb/v7e-m+fp/hard\libm.a(libm_a-w_atan2.o)
 .ARM.attributes
                0x000000000000041b       0x34 C:/ST/STM32CubeIDE_1.13.2/STM32CubeIDE/plugins/com.st.stm32cube.ide.mcu.externaltools.gnu-tools-for-stm32.11.3.rel1.win32_1.1.1.202309131626/tools/bin/../lib/gcc/arm-none-eabi/11.3.1/../../../../arm-none-eabi/lib/thumb/v7e-m+fp/hard\libm.a(libm_a-w_pow.o)
 .ARM.attributes
                0x000000000000044f       0x34 C:/ST/STM32CubeIDE_1.13.2/STM32CubeIDE/plugins/com.st.stm32cube.ide.mcu.externaltools.gnu-tools-for-stm32.11.3.rel1.win32_1.1.1.202309131626/tools/bin/../lib/gcc/arm-none-eabi/11.3.1/../../../../arm-none-eabi/lib/thumb/v7e-m+fp/hard\libm.a(libm_a-s_finite.o)
 .ARM.attributes
                0x0000000000000483       0x34 C:/ST/STM32CubeIDE_1.13.2/STM32CubeIDE/plugins/com.st.stm32cube.ide.mcu.externaltools.gnu-tools-for-stm32.11.3.rel1.win32_1.1.1.202309131626/tools/bin/../lib/gcc/arm-none-eabi/11.3.1/../../../../arm-none-eabi/lib/thumb/v7e-m+fp/hard\libm.a(libm_a-e_atan2.o)
 .ARM.attributes
                0x00000000000004b7       0x34 C:/ST/STM32CubeIDE_1.13.2/STM32CubeIDE/plugins/com.st.stm32cube.ide.mcu.externaltools.gnu-tools-for-stm32.11.3.rel1.win32_1.1.1.202309131626/tools/bin/../lib/gcc/arm-none-eabi/11.3.1/../../../../arm-none-eabi/lib/thumb/v7e-m+fp/hard\libm.a(libm_a-e_pow.o)
 .ARM.attributes
                0x00000000000004eb       0x34 C:/ST/STM32CubeIDE_1.13.2/STM32CubeIDE/plugins/com.st.stm32cube.ide.mcu.externaltools.gnu-tools-for-stm32.11.3.rel1.win32_1.1.1.202309131626/tools/bin/../lib/gcc/arm-none-eabi/11.3.1/../../../../arm-none-eabi/lib/thumb/v7e-m+fp/hard\libm.a(libm_a-s_atan.o)
 .ARM.attributes
                0x000000000000051f       0x34 C:/ST/STM32CubeIDE_1.13.2/STM32CubeIDE/plugins/com.st.stm32cube.ide.mcu.externaltools.gnu-tools-for-stm32.11.3.rel1.win32_1.1.1.202309131626/tools/bin/../lib/gcc/arm-none-eabi/11.3.1/../../../../arm-none-eabi/lib/thumb/v7e-m+fp/hard\libm.a(libm_a-s_fabs.o)
 .ARM.attributes
                0x0000000000000553       0x34 C:/ST/STM32CubeIDE_1.13.2/STM32CubeIDE/plugins/com.st.stm32cube.ide.mcu.externaltools.gnu-tools-for-stm32.11.3.rel1.win32_1.1.1.202309131626/tools/bin/../lib/gcc/arm-none-eabi/11.3.1/../../../../arm-none-eabi/lib/thumb/v7e-m+fp/hard\libm.a(libm_a-s_scalbn.o)
 .ARM.attributes
                0x0000000000000587       0x34 C:/ST/STM32CubeIDE_1.13.2/STM32CubeIDE/plugins/com.st.stm32cube.ide.mcu.externaltools.gnu-tools-for-stm32.11.3.rel1.win32_1.1.1.202309131626/tools/bin/../lib/gcc/arm-none-eabi/11.3.1/../../../../arm-none-eabi/lib/thumb/v7e-m+fp/hard\libm.a(libm_a-math_err.o)
 .ARM.attributes
                0x00000000000005bb       0x34 C:/ST/STM32CubeIDE_1.13.2/STM32CubeIDE/plugins/com.st.stm32cube.ide.mcu.externaltools.gnu-tools-for-stm32.11.3.rel1.win32_1.1.1.202309131626/tools/bin/../lib/gcc/arm-none-eabi/11.3.1/../../../../arm-none-eabi/lib/thumb/v7e-m+fp/hard\libm.a(libm_a-e_sqrt.o)
 .ARM.attributes
                0x00000000000005ef       0x1e C:/ST/STM32CubeIDE_1.13.2/STM32CubeIDE/plugins/com.st.stm32cube.ide.mcu.externaltools.gnu-tools-for-stm32.11.3.rel1.win32_1.1.1.202309131626/tools/bin/../lib/gcc/arm-none-eabi/11.3.1/thumb/v7e-m+fp/hard\libgcc.a(_arm_addsubdf3.o)
 .ARM.attributes
                0x000000000000060d       0x1e C:/ST/STM32CubeIDE_1.13.2/STM32CubeIDE/plugins/com.st.stm32cube.ide.mcu.externaltools.gnu-tools-for-stm32.11.3.rel1.win32_1.1.1.202309131626/tools/bin/../lib/gcc/arm-none-eabi/11.3.1/thumb/v7e-m+fp/hard\libgcc.a(_arm_muldivdf3.o)
 .ARM.attributes
                0x000000000000062b       0x1e C:/ST/STM32CubeIDE_1.13.2/STM32CubeIDE/plugins/com.st.stm32cube.ide.mcu.externaltools.gnu-tools-for-stm32.11.3.rel1.win32_1.1.1.202309131626/tools/bin/../lib/gcc/arm-none-eabi/11.3.1/thumb/v7e-m+fp/hard\libgcc.a(_arm_cmpdf2.o)
 .ARM.attributes
                0x0000000000000649       0x1e C:/ST/STM32CubeIDE_1.13.2/STM32CubeIDE/plugins/com.st.stm32cube.ide.mcu.externaltools.gnu-tools-for-stm32.11.3.rel1.win32_1.1.1.202309131626/tools/bin/../lib/gcc/arm-none-eabi/11.3.1/thumb/v7e-m+fp/hard\libgcc.a(_arm_unorddf2.o)
 .ARM.attributes
                0x0000000000000667       0x1e C:/ST/STM32CubeIDE_1.13.2/STM32CubeIDE/plugins/com.st.stm32cube.ide.mcu.externaltools.gnu-tools-for-stm32.11.3.rel1.win32_1.1.1.202309131626/tools/bin/../lib/gcc/arm-none-eabi/11.3.1/thumb/v7e-m+fp/hard\libgcc.a(_arm_truncdfsf2.o)
 .ARM.attributes
                0x0000000000000685       0x1e C:/ST/STM32CubeIDE_1.13.2/STM32CubeIDE/plugins/com.st.stm32cube.ide.mcu.externaltools.gnu-tools-for-stm32.11.3.rel1.win32_1.1.1.202309131626/tools/bin/../lib/gcc/arm-none-eabi/11.3.1/thumb/v7e-m+fp/hard\libgcc.a(_aeabi_ldivmod.o)
 .ARM.attributes
                0x00000000000006a3       0x1e C:/ST/STM32CubeIDE_1.13.2/STM32CubeIDE/plugins/com.st.stm32cube.ide.mcu.externaltools.gnu-tools-for-stm32.11.3.rel1.win32_1.1.1.202309131626/tools/bin/../lib/gcc/arm-none-eabi/11.3.1/thumb/v7e-m+fp/hard\libgcc.a(_aeabi_uldivmod.o)
 .ARM.attributes
                0x00000000000006c1       0x34 C:/ST/STM32CubeIDE_1.13.2/STM32CubeIDE/plugins/com.st.stm32cube.ide.mcu.externaltools.gnu-tools-for-stm32.11.3.rel1.win32_1.1.1.202309131626/tools/bin/../lib/gcc/arm-none-eabi/11.3.1/thumb/v7e-m+fp/hard\libgcc.a(_udivmoddi4.o)
 .ARM.attributes
                0x00000000000006f5       0x1e C:/ST/STM32CubeIDE_1.13.2/STM32CubeIDE/plugins/com.st.stm32cube.ide.mcu.externaltools.gnu-tools-for-stm32.11.3.rel1.win32_1.1.1.202309131626/tools/bin/../lib/gcc/arm-none-eabi/11.3.1/thumb/v7e-m+fp/hard\libgcc.a(_dvmd_tls.o)
 .ARM.attributes
                0x0000000000000713       0x1e C:/ST/STM32CubeIDE_1.13.2/STM32CubeIDE/plugins/com.st.stm32cube.ide.mcu.externaltools.gnu-tools-for-stm32.11.3.rel1.win32_1.1.1.202309131626/tools/bin/../lib/gcc/arm-none-eabi/11.3.1/thumb/v7e-m+fp/hard/crtn.o
OUTPUT(ThirdParty_MainAvionic.elf elf32-littlearm)
LOAD linker stubs
LOAD C:/ST/STM32CubeIDE_1.13.2/STM32CubeIDE/plugins/com.st.stm32cube.ide.mcu.externaltools.gnu-tools-for-stm32.11.3.rel1.win32_1.1.1.202309131626/tools/bin/../lib/gcc/arm-none-eabi/11.3.1/../../../../arm-none-eabi/lib/thumb/v7e-m+fp/hard\libc.a
LOAD C:/ST/STM32CubeIDE_1.13.2/STM32CubeIDE/plugins/com.st.stm32cube.ide.mcu.externaltools.gnu-tools-for-stm32.11.3.rel1.win32_1.1.1.202309131626/tools/bin/../lib/gcc/arm-none-eabi/11.3.1/../../../../arm-none-eabi/lib/thumb/v7e-m+fp/hard\libm.a
LOAD C:/ST/STM32CubeIDE_1.13.2/STM32CubeIDE/plugins/com.st.stm32cube.ide.mcu.externaltools.gnu-tools-for-stm32.11.3.rel1.win32_1.1.1.202309131626/tools/bin/../lib/gcc/arm-none-eabi/11.3.1/thumb/v7e-m+fp/hard\libgcc.a

.comment        0x0000000000000000       0x43
 .comment       0x0000000000000000       0x43 C:/ST/STM32CubeIDE_1.13.2/STM32CubeIDE/plugins/com.st.stm32cube.ide.mcu.externaltools.gnu-tools-for-stm32.11.3.rel1.win32_1.1.1.202309131626/tools/bin/../lib/gcc/arm-none-eabi/11.3.1/thumb/v7e-m+fp/hard/crtbegin.o
                                         0x44 (size before relaxing)
 .comment       0x0000000000000043       0x44 ./Core/Src/bme280.o
 .comment       0x0000000000000043       0x44 ./Core/Src/main.o
 .comment       0x0000000000000043       0x44 ./Core/Src/mpu6050.o
 .comment       0x0000000000000043       0x44 ./Core/Src/stm32f4xx_hal_msp.o
 .comment       0x0000000000000043       0x44 ./Core/Src/stm32f4xx_it.o
 .comment       0x0000000000000043       0x44 ./Core/Src/system_stm32f4xx.o
 .comment       0x0000000000000043       0x44 ./Drivers/STM32F4xx_HAL_Driver/Src/stm32f4xx_hal.o
 .comment       0x0000000000000043       0x44 ./Drivers/STM32F4xx_HAL_Driver/Src/stm32f4xx_hal_cortex.o
 .comment       0x0000000000000043       0x44 ./Drivers/STM32F4xx_HAL_Driver/Src/stm32f4xx_hal_gpio.o
 .comment       0x0000000000000043       0x44 ./Drivers/STM32F4xx_HAL_Driver/Src/stm32f4xx_hal_i2c.o
 .comment       0x0000000000000043       0x44 ./Drivers/STM32F4xx_HAL_Driver/Src/stm32f4xx_hal_rcc.o
 .comment       0x0000000000000043       0x44 ./Drivers/STM32F4xx_HAL_Driver/Src/stm32f4xx_hal_rcc_ex.o

.debug_info     0x0000000000000000     0x8c37
 .debug_info    0x0000000000000000      0xd72 ./Core/Src/bme280.o
 .debug_info    0x0000000000000d72      0xccf ./Core/Src/main.o
 .debug_info    0x0000000000001a41      0xdca ./Core/Src/mpu6050.o
 .debug_info    0x000000000000280b      0x970 ./Core/Src/stm32f4xx_hal_msp.o
 .debug_info    0x000000000000317b      0x112 ./Core/Src/stm32f4xx_it.o
 .debug_info    0x000000000000328d      0x54a ./Core/Src/system_stm32f4xx.o
 .debug_info    0x00000000000037d7       0x23 ./Core/Startup/startup_stm32f446retx.o
 .debug_info    0x00000000000037fa      0x99e ./Drivers/STM32F4xx_HAL_Driver/Src/stm32f4xx_hal.o
 .debug_info    0x0000000000004198      0xd64 ./Drivers/STM32F4xx_HAL_Driver/Src/stm32f4xx_hal_cortex.o
 .debug_info    0x0000000000004efc      0x70b ./Drivers/STM32F4xx_HAL_Driver/Src/stm32f4xx_hal_gpio.o
 .debug_info    0x0000000000005607     0x23ed ./Drivers/STM32F4xx_HAL_Driver/Src/stm32f4xx_hal_i2c.o
 .debug_info    0x00000000000079f4      0x8ed ./Drivers/STM32F4xx_HAL_Driver/Src/stm32f4xx_hal_rcc.o
 .debug_info    0x00000000000082e1      0x956 ./Drivers/STM32F4xx_HAL_Driver/Src/stm32f4xx_hal_rcc_ex.o

.debug_abbrev   0x0000000000000000     0x1939
 .debug_abbrev  0x0000000000000000      0x2b6 ./Core/Src/bme280.o
 .debug_abbrev  0x00000000000002b6      0x27e ./Core/Src/main.o
 .debug_abbrev  0x0000000000000534      0x246 ./Core/Src/mpu6050.o
 .debug_abbrev  0x000000000000077a      0x1a5 ./Core/Src/stm32f4xx_hal_msp.o
 .debug_abbrev  0x000000000000091f       0x73 ./Core/Src/stm32f4xx_it.o
 .debug_abbrev  0x0000000000000992      0x11a ./Core/Src/system_stm32f4xx.o
 .debug_abbrev  0x0000000000000aac       0x12 ./Core/Startup/startup_stm32f446retx.o
 .debug_abbrev  0x0000000000000abe      0x213 ./Drivers/STM32F4xx_HAL_Driver/Src/stm32f4xx_hal.o
 .debug_abbrev  0x0000000000000cd1      0x327 ./Drivers/STM32F4xx_HAL_Driver/Src/stm32f4xx_hal_cortex.o
 .debug_abbrev  0x0000000000000ff8      0x1d4 ./Drivers/STM32F4xx_HAL_Driver/Src/stm32f4xx_hal_gpio.o
 .debug_abbrev  0x00000000000011cc      0x2ad ./Drivers/STM32F4xx_HAL_Driver/Src/stm32f4xx_hal_i2c.o
 .debug_abbrev  0x0000000000001479      0x2b6 ./Drivers/STM32F4xx_HAL_Driver/Src/stm32f4xx_hal_rcc.o
 .debug_abbrev  0x000000000000172f      0x20a ./Drivers/STM32F4xx_HAL_Driver/Src/stm32f4xx_hal_rcc_ex.o

.debug_aranges  0x0000000000000000      0x860
 .debug_aranges
                0x0000000000000000       0x90 ./Core/Src/bme280.o
 .debug_aranges
                0x0000000000000090       0x40 ./Core/Src/main.o
 .debug_aranges
                0x00000000000000d0       0xb0 ./Core/Src/mpu6050.o
 .debug_aranges
                0x0000000000000180       0x30 ./Core/Src/stm32f4xx_hal_msp.o
 .debug_aranges
                0x00000000000001b0       0x60 ./Core/Src/stm32f4xx_it.o
 .debug_aranges
                0x0000000000000210       0x28 ./Core/Src/system_stm32f4xx.o
 .debug_aranges
                0x0000000000000238       0x28 ./Core/Startup/startup_stm32f446retx.o
 .debug_aranges
                0x0000000000000260       0xf0 ./Drivers/STM32F4xx_HAL_Driver/Src/stm32f4xx_hal.o
 .debug_aranges
                0x0000000000000350      0x118 ./Drivers/STM32F4xx_HAL_Driver/Src/stm32f4xx_hal_cortex.o
 .debug_aranges
                0x0000000000000468       0x58 ./Drivers/STM32F4xx_HAL_Driver/Src/stm32f4xx_hal_gpio.o
 .debug_aranges
                0x00000000000004c0      0x2a0 ./Drivers/STM32F4xx_HAL_Driver/Src/stm32f4xx_hal_i2c.o
 .debug_aranges
                0x0000000000000760       0x88 ./Drivers/STM32F4xx_HAL_Driver/Src/stm32f4xx_hal_rcc.o
 .debug_aranges
                0x00000000000007e8       0x78 ./Drivers/STM32F4xx_HAL_Driver/Src/stm32f4xx_hal_rcc_ex.o

.debug_rnglists
                0x0000000000000000      0x675
 .debug_rnglists
                0x0000000000000000       0x75 ./Core/Src/bme280.o
 .debug_rnglists
                0x0000000000000075       0x2d ./Core/Src/main.o
 .debug_rnglists
                0x00000000000000a2       0x88 ./Core/Src/mpu6050.o
 .debug_rnglists
                0x000000000000012a       0x20 ./Core/Src/stm32f4xx_hal_msp.o
 .debug_rnglists
                0x000000000000014a       0x43 ./Core/Src/stm32f4xx_it.o
 .debug_rnglists
                0x000000000000018d       0x1a ./Core/Src/system_stm32f4xx.o
 .debug_rnglists
                0x00000000000001a7       0x19 ./Core/Startup/startup_stm32f446retx.o
 .debug_rnglists
                0x00000000000001c0       0xaf ./Drivers/STM32F4xx_HAL_Driver/Src/stm32f4xx_hal.o
 .debug_rnglists
                0x000000000000026f       0xce ./Drivers/STM32F4xx_HAL_Driver/Src/stm32f4xx_hal_cortex.o
 .debug_rnglists
                0x000000000000033d       0x3f ./Drivers/STM32F4xx_HAL_Driver/Src/stm32f4xx_hal_gpio.o
 .debug_rnglists
                0x000000000000037c      0x235 ./Drivers/STM32F4xx_HAL_Driver/Src/stm32f4xx_hal_i2c.o
 .debug_rnglists
                0x00000000000005b1       0x66 ./Drivers/STM32F4xx_HAL_Driver/Src/stm32f4xx_hal_rcc.o
 .debug_rnglists
                0x0000000000000617       0x5e ./Drivers/STM32F4xx_HAL_Driver/Src/stm32f4xx_hal_rcc_ex.o

.debug_macro    0x0000000000000000    0x2176a
 .debug_macro   0x0000000000000000      0x295 ./Core/Src/bme280.o
 .debug_macro   0x0000000000000295      0xaa8 ./Core/Src/bme280.o
 .debug_macro   0x0000000000000d3d      0x295 ./Core/Src/bme280.o
 .debug_macro   0x0000000000000fd2       0x2e ./Core/Src/bme280.o
 .debug_macro   0x0000000000001000       0x28 ./Core/Src/bme280.o
 .debug_macro   0x0000000000001028       0x22 ./Core/Src/bme280.o
 .debug_macro   0x000000000000104a       0x8e ./Core/Src/bme280.o
 .debug_macro   0x00000000000010d8       0x51 ./Core/Src/bme280.o
 .debug_macro   0x0000000000001129      0x103 ./Core/Src/bme280.o
 .debug_macro   0x000000000000122c       0x6a ./Core/Src/bme280.o
 .debug_macro   0x0000000000001296      0x1df ./Core/Src/bme280.o
 .debug_macro   0x0000000000001475       0x1c ./Core/Src/bme280.o
 .debug_macro   0x0000000000001491       0x22 ./Core/Src/bme280.o
 .debug_macro   0x00000000000014b3       0xd9 ./Core/Src/bme280.o
 .debug_macro   0x000000000000158c     0x102d ./Core/Src/bme280.o
 .debug_macro   0x00000000000025b9      0x11f ./Core/Src/bme280.o
 .debug_macro   0x00000000000026d8    0x16749 ./Core/Src/bme280.o
 .debug_macro   0x0000000000018e21       0x6d ./Core/Src/bme280.o
 .debug_macro   0x0000000000018e8e     0x367e ./Core/Src/bme280.o
 .debug_macro   0x000000000001c50c      0x174 ./Core/Src/bme280.o
 .debug_macro   0x000000000001c680       0x5c ./Core/Src/bme280.o
 .debug_macro   0x000000000001c6dc      0xc90 ./Core/Src/bme280.o
 .debug_macro   0x000000000001d36c      0x9fe ./Core/Src/bme280.o
 .debug_macro   0x000000000001dd6a      0x115 ./Core/Src/bme280.o
 .debug_macro   0x000000000001de7f      0x1a0 ./Core/Src/bme280.o
 .debug_macro   0x000000000001e01f       0xa5 ./Core/Src/bme280.o
 .debug_macro   0x000000000001e0c4      0x16d ./Core/Src/bme280.o
 .debug_macro   0x000000000001e231      0x287 ./Core/Src/bme280.o
 .debug_macro   0x000000000001e4b8       0x5f ./Core/Src/bme280.o
 .debug_macro   0x000000000001e517      0x236 ./Core/Src/bme280.o
 .debug_macro   0x000000000001e74d      0x132 ./Core/Src/bme280.o
 .debug_macro   0x000000000001e87f      0x29c ./Core/Src/bme280.o
 .debug_macro   0x000000000001eb1b       0x2e ./Core/Src/bme280.o
 .debug_macro   0x000000000001eb49      0x1b5 ./Core/Src/bme280.o
 .debug_macro   0x000000000001ecfe       0x22 ./Core/Src/bme280.o
 .debug_macro   0x000000000001ed20       0xd6 ./Core/Src/bme280.o
 .debug_macro   0x000000000001edf6      0x11a ./Core/Src/bme280.o
 .debug_macro   0x000000000001ef10       0xe8 ./Core/Src/bme280.o
 .debug_macro   0x000000000001eff8       0x89 ./Core/Src/bme280.o
 .debug_macro   0x000000000001f081      0x126 ./Core/Src/bme280.o
 .debug_macro   0x000000000001f1a7       0x61 ./Core/Src/bme280.o
 .debug_macro   0x000000000001f208       0x2a ./Core/Src/bme280.o
 .debug_macro   0x000000000001f232       0x43 ./Core/Src/bme280.o
 .debug_macro   0x000000000001f275       0x34 ./Core/Src/bme280.o
 .debug_macro   0x000000000001f2a9       0x16 ./Core/Src/bme280.o
 .debug_macro   0x000000000001f2bf       0x43 ./Core/Src/bme280.o
 .debug_macro   0x000000000001f302       0x34 ./Core/Src/bme280.o
 .debug_macro   0x000000000001f336       0x10 ./Core/Src/bme280.o
 .debug_macro   0x000000000001f346       0x58 ./Core/Src/bme280.o
 .debug_macro   0x000000000001f39e       0x8e ./Core/Src/bme280.o
 .debug_macro   0x000000000001f42c       0x1c ./Core/Src/bme280.o
 .debug_macro   0x000000000001f448      0x177 ./Core/Src/bme280.o
 .debug_macro   0x000000000001f5bf      0x369 ./Core/Src/bme280.o
 .debug_macro   0x000000000001f928      0x19b ./Core/Src/bme280.o
 .debug_macro   0x000000000001fac3       0xb2 ./Core/Src/bme280.o
 .debug_macro   0x000000000001fb75      0x2cb ./Core/Src/main.o
 .debug_macro   0x000000000001fe40       0x1c ./Core/Src/main.o
 .debug_macro   0x000000000001fe5c       0x35 ./Core/Src/main.o
 .debug_macro   0x000000000001fe91       0x10 ./Core/Src/main.o
 .debug_macro   0x000000000001fea1       0x1c ./Core/Src/main.o
 .debug_macro   0x000000000001febd       0x16 ./Core/Src/main.o
 .debug_macro   0x000000000001fed3      0x147 ./Core/Src/main.o
 .debug_macro   0x000000000002001a      0x2f4 ./Core/Src/mpu6050.o
 .debug_macro   0x000000000002030e       0x5b ./Core/Src/mpu6050.o
 .debug_macro   0x0000000000020369       0x94 ./Core/Src/mpu6050.o
 .debug_macro   0x00000000000203fd       0x16 ./Core/Src/mpu6050.o
 .debug_macro   0x0000000000020413       0x57 ./Core/Src/mpu6050.o
 .debug_macro   0x000000000002046a       0x97 ./Core/Src/mpu6050.o
 .debug_macro   0x0000000000020501       0xfd ./Core/Src/mpu6050.o
 .debug_macro   0x00000000000205fe       0x16 ./Core/Src/mpu6050.o
 .debug_macro   0x0000000000020614       0x56 ./Core/Src/mpu6050.o
 .debug_macro   0x000000000002066a      0x1d3 ./Core/Src/stm32f4xx_hal_msp.o
 .debug_macro   0x000000000002083d      0x1dd ./Core/Src/stm32f4xx_it.o
 .debug_macro   0x0000000000020a1a      0x1c9 ./Core/Src/system_stm32f4xx.o
 .debug_macro   0x0000000000020be3      0x229 ./Drivers/STM32F4xx_HAL_Driver/Src/stm32f4xx_hal.o
 .debug_macro   0x0000000000020e0c      0x1c9 ./Drivers/STM32F4xx_HAL_Driver/Src/stm32f4xx_hal_cortex.o
 .debug_macro   0x0000000000020fd5      0x1cf ./Drivers/STM32F4xx_HAL_Driver/Src/stm32f4xx_hal_gpio.o
 .debug_macro   0x00000000000211a4      0x210 ./Drivers/STM32F4xx_HAL_Driver/Src/stm32f4xx_hal_i2c.o
 .debug_macro   0x00000000000213b4      0x1ed ./Drivers/STM32F4xx_HAL_Driver/Src/stm32f4xx_hal_rcc.o
 .debug_macro   0x00000000000215a1      0x1c9 ./Drivers/STM32F4xx_HAL_Driver/Src/stm32f4xx_hal_rcc_ex.o

.debug_line     0x0000000000000000     0xbacd
 .debug_line    0x0000000000000000      0xe32 ./Core/Src/bme280.o
 .debug_line    0x0000000000000e32      0xa43 ./Core/Src/main.o
 .debug_line    0x0000000000001875      0xccd ./Core/Src/mpu6050.o
 .debug_line    0x0000000000002542      0x77d ./Core/Src/stm32f4xx_hal_msp.o
 .debug_line    0x0000000000002cbf      0x7f1 ./Core/Src/stm32f4xx_it.o
 .debug_line    0x00000000000034b0      0x7b0 ./Core/Src/system_stm32f4xx.o
 .debug_line    0x0000000000003c60       0x7a ./Core/Startup/startup_stm32f446retx.o
 .debug_line    0x0000000000003cda      0xa16 ./Drivers/STM32F4xx_HAL_Driver/Src/stm32f4xx_hal.o
 .debug_line    0x00000000000046f0      0xcc5 ./Drivers/STM32F4xx_HAL_Driver/Src/stm32f4xx_hal_cortex.o
 .debug_line    0x00000000000053b5      0xb76 ./Drivers/STM32F4xx_HAL_Driver/Src/stm32f4xx_hal_gpio.o
 .debug_line    0x0000000000005f2b     0x39d8 ./Drivers/STM32F4xx_HAL_Driver/Src/stm32f4xx_hal_i2c.o
 .debug_line    0x0000000000009903      0xd99 ./Drivers/STM32F4xx_HAL_Driver/Src/stm32f4xx_hal_rcc.o
 .debug_line    0x000000000000a69c     0x1431 ./Drivers/STM32F4xx_HAL_Driver/Src/stm32f4xx_hal_rcc_ex.o

.debug_str      0x0000000000000000    0xc8b6a
 .debug_str     0x0000000000000000    0xc5b9c ./Core/Src/bme280.o
                                      0xc5ed1 (size before relaxing)
 .debug_str     0x00000000000c5b9c      0xa00 ./Core/Src/main.o
                                      0xc6676 (size before relaxing)
 .debug_str     0x00000000000c659c      0x32a ./Core/Src/mpu6050.o
                                      0xc648a (size before relaxing)
 .debug_str     0x00000000000c68c6       0xd3 ./Core/Src/stm32f4xx_hal_msp.o
                                      0xc22e1 (size before relaxing)
 .debug_str     0x00000000000c6999       0xc9 ./Core/Src/stm32f4xx_it.o
                                      0xc1c9f (size before relaxing)
 .debug_str     0x00000000000c6a62       0xdb ./Core/Src/system_stm32f4xx.o
                                      0xc1dee (size before relaxing)
 .debug_str     0x00000000000c6b3d       0x34 ./Core/Startup/startup_stm32f446retx.o
                                         0x91 (size before relaxing)
 .debug_str     0x00000000000c6b71      0xb2e ./Drivers/STM32F4xx_HAL_Driver/Src/stm32f4xx_hal.o
                                      0xc29b3 (size before relaxing)
 .debug_str     0x00000000000c769f      0x34a ./Drivers/STM32F4xx_HAL_Driver/Src/stm32f4xx_hal_cortex.o
                                      0xc26c1 (size before relaxing)
 .debug_str     0x00000000000c79e9      0x158 ./Drivers/STM32F4xx_HAL_Driver/Src/stm32f4xx_hal_gpio.o
                                      0xc1f69 (size before relaxing)
 .debug_str     0x00000000000c7b41      0xaf2 ./Drivers/STM32F4xx_HAL_Driver/Src/stm32f4xx_hal_i2c.o
                                      0xc2d99 (size before relaxing)
 .debug_str     0x00000000000c8633      0x213 ./Drivers/STM32F4xx_HAL_Driver/Src/stm32f4xx_hal_rcc.o
                                      0xc2227 (size before relaxing)
 .debug_str     0x00000000000c8846      0x324 ./Drivers/STM32F4xx_HAL_Driver/Src/stm32f4xx_hal_rcc_ex.o
                                      0xc225a (size before relaxing)

.debug_frame    0x0000000000000000     0x28c4
 .debug_frame   0x0000000000000000      0x23c ./Core/Src/bme280.o
 .debug_frame   0x000000000000023c       0xb0 ./Core/Src/main.o
 .debug_frame   0x00000000000002ec      0x2b0 ./Core/Src/mpu6050.o
 .debug_frame   0x000000000000059c       0x80 ./Core/Src/stm32f4xx_hal_msp.o
 .debug_frame   0x000000000000061c      0x104 ./Core/Src/stm32f4xx_it.o
 .debug_frame   0x0000000000000720       0x58 ./Core/Src/system_stm32f4xx.o
 .debug_frame   0x0000000000000778      0x374 ./Drivers/STM32F4xx_HAL_Driver/Src/stm32f4xx_hal.o
 .debug_frame   0x0000000000000aec      0x498 ./Drivers/STM32F4xx_HAL_Driver/Src/stm32f4xx_hal_cortex.o
 .debug_frame   0x0000000000000f84      0x14c ./Drivers/STM32F4xx_HAL_Driver/Src/stm32f4xx_hal_gpio.o
 .debug_frame   0x00000000000010d0      0xc5c ./Drivers/STM32F4xx_HAL_Driver/Src/stm32f4xx_hal_i2c.o
 .debug_frame   0x0000000000001d2c      0x1f4 ./Drivers/STM32F4xx_HAL_Driver/Src/stm32f4xx_hal_rcc.o
 .debug_frame   0x0000000000001f20      0x1e8 ./Drivers/STM32F4xx_HAL_Driver/Src/stm32f4xx_hal_rcc_ex.o
 .debug_frame   0x0000000000002108      0x144 C:/ST/STM32CubeIDE_1.13.2/STM32CubeIDE/plugins/com.st.stm32cube.ide.mcu.externaltools.gnu-tools-for-stm32.11.3.rel1.win32_1.1.1.202309131626/tools/bin/../lib/gcc/arm-none-eabi/11.3.1/../../../../arm-none-eabi/lib/thumb/v7e-m+fp/hard\libc_nano.a(libc_a-findfp.o)
 .debug_frame   0x000000000000224c       0x20 C:/ST/STM32CubeIDE_1.13.2/STM32CubeIDE/plugins/com.st.stm32cube.ide.mcu.externaltools.gnu-tools-for-stm32.11.3.rel1.win32_1.1.1.202309131626/tools/bin/../lib/gcc/arm-none-eabi/11.3.1/../../../../arm-none-eabi/lib/thumb/v7e-m+fp/hard\libc_nano.a(libc_a-memset.o)
 .debug_frame   0x000000000000226c       0x20 C:/ST/STM32CubeIDE_1.13.2/STM32CubeIDE/plugins/com.st.stm32cube.ide.mcu.externaltools.gnu-tools-for-stm32.11.3.rel1.win32_1.1.1.202309131626/tools/bin/../lib/gcc/arm-none-eabi/11.3.1/../../../../arm-none-eabi/lib/thumb/v7e-m+fp/hard\libc_nano.a(libc_a-errno.o)
 .debug_frame   0x000000000000228c       0x2c C:/ST/STM32CubeIDE_1.13.2/STM32CubeIDE/plugins/com.st.stm32cube.ide.mcu.externaltools.gnu-tools-for-stm32.11.3.rel1.win32_1.1.1.202309131626/tools/bin/../lib/gcc/arm-none-eabi/11.3.1/../../../../arm-none-eabi/lib/thumb/v7e-m+fp/hard\libc_nano.a(libc_a-init.o)
 .debug_frame   0x00000000000022b8       0x20 C:/ST/STM32CubeIDE_1.13.2/STM32CubeIDE/plugins/com.st.stm32cube.ide.mcu.externaltools.gnu-tools-for-stm32.11.3.rel1.win32_1.1.1.202309131626/tools/bin/../lib/gcc/arm-none-eabi/11.3.1/../../../../arm-none-eabi/lib/thumb/v7e-m+fp/hard\libm.a(libm_a-w_atan2.o)
 .debug_frame   0x00000000000022d8       0x44 C:/ST/STM32CubeIDE_1.13.2/STM32CubeIDE/plugins/com.st.stm32cube.ide.mcu.externaltools.gnu-tools-for-stm32.11.3.rel1.win32_1.1.1.202309131626/tools/bin/../lib/gcc/arm-none-eabi/11.3.1/../../../../arm-none-eabi/lib/thumb/v7e-m+fp/hard\libm.a(libm_a-w_pow.o)
 .debug_frame   0x000000000000231c       0x28 C:/ST/STM32CubeIDE_1.13.2/STM32CubeIDE/plugins/com.st.stm32cube.ide.mcu.externaltools.gnu-tools-for-stm32.11.3.rel1.win32_1.1.1.202309131626/tools/bin/../lib/gcc/arm-none-eabi/11.3.1/../../../../arm-none-eabi/lib/thumb/v7e-m+fp/hard\libm.a(libm_a-s_finite.o)
 .debug_frame   0x0000000000002344       0x44 C:/ST/STM32CubeIDE_1.13.2/STM32CubeIDE/plugins/com.st.stm32cube.ide.mcu.externaltools.gnu-tools-for-stm32.11.3.rel1.win32_1.1.1.202309131626/tools/bin/../lib/gcc/arm-none-eabi/11.3.1/../../../../arm-none-eabi/lib/thumb/v7e-m+fp/hard\libm.a(libm_a-e_atan2.o)
 .debug_frame   0x0000000000002388       0xc8 C:/ST/STM32CubeIDE_1.13.2/STM32CubeIDE/plugins/com.st.stm32cube.ide.mcu.externaltools.gnu-tools-for-stm32.11.3.rel1.win32_1.1.1.202309131626/tools/bin/../lib/gcc/arm-none-eabi/11.3.1/../../../../arm-none-eabi/lib/thumb/v7e-m+fp/hard\libm.a(libm_a-e_pow.o)
 .debug_frame   0x0000000000002450       0x38 C:/ST/STM32CubeIDE_1.13.2/STM32CubeIDE/plugins/com.st.stm32cube.ide.mcu.externaltools.gnu-tools-for-stm32.11.3.rel1.win32_1.1.1.202309131626/tools/bin/../lib/gcc/arm-none-eabi/11.3.1/../../../../arm-none-eabi/lib/thumb/v7e-m+fp/hard\libm.a(libm_a-s_atan.o)
 .debug_frame   0x0000000000002488       0x20 C:/ST/STM32CubeIDE_1.13.2/STM32CubeIDE/plugins/com.st.stm32cube.ide.mcu.externaltools.gnu-tools-for-stm32.11.3.rel1.win32_1.1.1.202309131626/tools/bin/../lib/gcc/arm-none-eabi/11.3.1/../../../../arm-none-eabi/lib/thumb/v7e-m+fp/hard\libm.a(libm_a-s_fabs.o)
 .debug_frame   0x00000000000024a8       0x2c C:/ST/STM32CubeIDE_1.13.2/STM32CubeIDE/plugins/com.st.stm32cube.ide.mcu.externaltools.gnu-tools-for-stm32.11.3.rel1.win32_1.1.1.202309131626/tools/bin/../lib/gcc/arm-none-eabi/11.3.1/../../../../arm-none-eabi/lib/thumb/v7e-m+fp/hard\libm.a(libm_a-s_scalbn.o)
 .debug_frame   0x00000000000024d4      0x110 C:/ST/STM32CubeIDE_1.13.2/STM32CubeIDE/plugins/com.st.stm32cube.ide.mcu.externaltools.gnu-tools-for-stm32.11.3.rel1.win32_1.1.1.202309131626/tools/bin/../lib/gcc/arm-none-eabi/11.3.1/../../../../arm-none-eabi/lib/thumb/v7e-m+fp/hard\libm.a(libm_a-math_err.o)
 .debug_frame   0x00000000000025e4       0x38 C:/ST/STM32CubeIDE_1.13.2/STM32CubeIDE/plugins/com.st.stm32cube.ide.mcu.externaltools.gnu-tools-for-stm32.11.3.rel1.win32_1.1.1.202309131626/tools/bin/../lib/gcc/arm-none-eabi/11.3.1/../../../../arm-none-eabi/lib/thumb/v7e-m+fp/hard\libm.a(libm_a-e_sqrt.o)
 .debug_frame   0x000000000000261c       0xac C:/ST/STM32CubeIDE_1.13.2/STM32CubeIDE/plugins/com.st.stm32cube.ide.mcu.externaltools.gnu-tools-for-stm32.11.3.rel1.win32_1.1.1.202309131626/tools/bin/../lib/gcc/arm-none-eabi/11.3.1/thumb/v7e-m+fp/hard\libgcc.a(_arm_addsubdf3.o)
 .debug_frame   0x00000000000026c8       0x50 C:/ST/STM32CubeIDE_1.13.2/STM32CubeIDE/plugins/com.st.stm32cube.ide.mcu.externaltools.gnu-tools-for-stm32.11.3.rel1.win32_1.1.1.202309131626/tools/bin/../lib/gcc/arm-none-eabi/11.3.1/thumb/v7e-m+fp/hard\libgcc.a(_arm_muldivdf3.o)
 .debug_frame   0x0000000000002718       0xc4 C:/ST/STM32CubeIDE_1.13.2/STM32CubeIDE/plugins/com.st.stm32cube.ide.mcu.externaltools.gnu-tools-for-stm32.11.3.rel1.win32_1.1.1.202309131626/tools/bin/../lib/gcc/arm-none-eabi/11.3.1/thumb/v7e-m+fp/hard\libgcc.a(_arm_cmpdf2.o)
 .debug_frame   0x00000000000027dc       0x20 C:/ST/STM32CubeIDE_1.13.2/STM32CubeIDE/plugins/com.st.stm32cube.ide.mcu.externaltools.gnu-tools-for-stm32.11.3.rel1.win32_1.1.1.202309131626/tools/bin/../lib/gcc/arm-none-eabi/11.3.1/thumb/v7e-m+fp/hard\libgcc.a(_arm_unorddf2.o)
 .debug_frame   0x00000000000027fc       0x24 C:/ST/STM32CubeIDE_1.13.2/STM32CubeIDE/plugins/com.st.stm32cube.ide.mcu.externaltools.gnu-tools-for-stm32.11.3.rel1.win32_1.1.1.202309131626/tools/bin/../lib/gcc/arm-none-eabi/11.3.1/thumb/v7e-m+fp/hard\libgcc.a(_arm_truncdfsf2.o)
 .debug_frame   0x0000000000002820       0x44 C:/ST/STM32CubeIDE_1.13.2/STM32CubeIDE/plugins/com.st.stm32cube.ide.mcu.externaltools.gnu-tools-for-stm32.11.3.rel1.win32_1.1.1.202309131626/tools/bin/../lib/gcc/arm-none-eabi/11.3.1/thumb/v7e-m+fp/hard\libgcc.a(_aeabi_ldivmod.o)
 .debug_frame   0x0000000000002864       0x2c C:/ST/STM32CubeIDE_1.13.2/STM32CubeIDE/plugins/com.st.stm32cube.ide.mcu.externaltools.gnu-tools-for-stm32.11.3.rel1.win32_1.1.1.202309131626/tools/bin/../lib/gcc/arm-none-eabi/11.3.1/thumb/v7e-m+fp/hard\libgcc.a(_aeabi_uldivmod.o)
 .debug_frame   0x0000000000002890       0x34 C:/ST/STM32CubeIDE_1.13.2/STM32CubeIDE/plugins/com.st.stm32cube.ide.mcu.externaltools.gnu-tools-for-stm32.11.3.rel1.win32_1.1.1.202309131626/tools/bin/../lib/gcc/arm-none-eabi/11.3.1/thumb/v7e-m+fp/hard\libgcc.a(_udivmoddi4.o)

.debug_line_str
                0x0000000000000000       0x85
 .debug_line_str
                0x0000000000000000       0x85 ./Core/Startup/startup_stm32f446retx.o
                                         0x9d (size before relaxing)
