13:21:49 **** Incremental Build of configuration Debug for project ThirdParty_MainAvionic ****
make -j8 all 
arm-none-eabi-gcc "../Core/Src/main.c" -mcpu=cortex-m4 -std=gnu11 -g3 -DDEBUG -DUSE_HAL_DRIVER -DSTM32F446xx -c -I../Core/Inc -I../Drivers/STM32F4xx_HAL_Driver/Inc -I../Drivers/STM32F4xx_HAL_Driver/Inc/Legacy -I../Drivers/CMSIS/Device/ST/STM32F4xx/Include -I../Drivers/CMSIS/Include -O0 -ffunction-sections -fdata-sections -Wall -fstack-usage -fcyclomatic-complexity -MMD -MP -MF"Core/Src/main.d" -MT"Core/Src/main.o" --specs=nano.specs -mfpu=fpv4-sp-d16 -mfloat-abi=hard -mthumb -o "Core/Src/main.o"
arm-none-eabi-gcc -o "ThirdParty_MainAvionic.elf" @"objects.list"   -mcpu=cortex-m4 -T"C:\Users\Lenovo\Desktop\Bedirhan\TUBITAK\RocketAvionic-FreeRTOS\ThirdParty_MainAvionic\STM32F446RETX_FLASH.ld" --specs=nosys.specs -Wl,-Map="ThirdParty_MainAvionic.map" -Wl,--gc-sections -static --specs=nano.specs -mfpu=fpv4-sp-d16 -mfloat-abi=hard -mthumb -Wl,--start-group -lc -lm -Wl,--end-group
Finished building target: ThirdParty_MainAvionic.elf
 
arm-none-eabi-size   ThirdParty_MainAvionic.elf 
arm-none-eabi-objdump -h -S  ThirdParty_MainAvionic.elf  > "ThirdParty_MainAvionic.list"
   text	   data	    bss	    dec	    hex	filename
  50184	    600	   3368	  54152	   d388	ThirdParty_MainAvionic.elf
Finished building: default.size.stdout
 
Finished building: ThirdParty_MainAvionic.list
 
13:21:52 **** Incremental Build of configuration Debug for project ThirdParty_MainAvionic ****
make -j8 all 
arm-none-eabi-size   ThirdParty_MainAvionic.elf 
   text	   data	    bss	    dec	    hex	filename
  50184	    600	   3368	  54152	   d388	ThirdParty_MainAvionic.elf
Finished building: default.size.stdout
 
13:22:44 **** Incremental Build of configuration Debug for project ThirdParty_MainAvionic ****
make -j8 all 
arm-none-eabi-gcc "../Core/Src/main.c" -mcpu=cortex-m4 -std=gnu11 -g3 -DDEBUG -DUSE_HAL_DRIVER -DSTM32F446xx -c -I../Core/Inc -I../Drivers/STM32F4xx_HAL_Driver/Inc -I../Drivers/STM32F4xx_HAL_Driver/Inc/Legacy -I../Drivers/CMSIS/Device/ST/STM32F4xx/Include -I../Drivers/CMSIS/Include -O0 -ffunction-sections -fdata-sections -Wall -fstack-usage -fcyclomatic-complexity -MMD -MP -MF"Core/Src/main.d" -MT"Core/Src/main.o" --specs=nano.specs -mfpu=fpv4-sp-d16 -mfloat-abi=hard -mthumb -o "Core/Src/main.o"
arm-none-eabi-gcc -o "ThirdParty_MainAvionic.elf" @"objects.list"   -mcpu=cortex-m4 -T"C:\Users\Lenovo\Desktop\Bedirhan\TUBITAK\RocketAvionic-FreeRTOS\ThirdParty_MainAvionic\STM32F446RETX_FLASH.ld" --specs=nosys.specs -Wl,-Map="ThirdParty_MainAvionic.map" -Wl,--gc-sections -static --specs=nano.specs -mfpu=fpv4-sp-d16 -mfloat-abi=hard -mthumb -Wl,--start-group -lc -lm -Wl,--end-group
Finished building target: ThirdParty_MainAvionic.elf
 
arm-none-eabi-size   ThirdParty_MainAvionic.elf 
arm-none-eabi-objdump -h -S  ThirdParty_MainAvionic.elf  > "ThirdParty_MainAvionic.list"
   text	   data	    bss	    dec	    hex	filename
  50136	    600	   3368	  54104	   d358	ThirdParty_MainAvionic.elf
Finished building: default.size.stdout
 
Finished building: ThirdParty_MainAvionic.list
 
13:23:19 **** Incremental Build of configuration Debug for project ThirdParty_MainAvionic ****
make -j8 all 
arm-none-eabi-gcc "../Core/Src/main.c" -mcpu=cortex-m4 -std=gnu11 -g3 -DDEBUG -DUSE_HAL_DRIVER -DSTM32F446xx -c -I../Core/Inc -I../Drivers/STM32F4xx_HAL_Driver/Inc -I../Drivers/STM32F4xx_HAL_Driver/Inc/Legacy -I../Drivers/CMSIS/Device/ST/STM32F4xx/Include -I../Drivers/CMSIS/Include -O0 -ffunction-sections -fdata-sections -Wall -fstack-usage -fcyclomatic-complexity -MMD -MP -MF"Core/Src/main.d" -MT"Core/Src/main.o" --specs=nano.specs -mfpu=fpv4-sp-d16 -mfloat-abi=hard -mthumb -o "Core/Src/main.o"
arm-none-eabi-gcc -o "ThirdParty_MainAvionic.elf" @"objects.list"   -mcpu=cortex-m4 -T"C:\Users\Lenovo\Desktop\Bedirhan\TUBITAK\RocketAvionic-FreeRTOS\ThirdParty_MainAvionic\STM32F446RETX_FLASH.ld" --specs=nosys.specs -Wl,-Map="ThirdParty_MainAvionic.map" -Wl,--gc-sections -static --specs=nano.specs -mfpu=fpv4-sp-d16 -mfloat-abi=hard -mthumb -Wl,--start-group -lc -lm -Wl,--end-group
Finished building target: ThirdParty_MainAvionic.elf
 
arm-none-eabi-size   ThirdParty_MainAvionic.elf 
arm-none-eabi-objdump -h -S  ThirdParty_MainAvionic.elf  > "ThirdParty_MainAvionic.list"
   text	   data	    bss	    dec	    hex	filename
  50136	    600	   3168	  53904	   d290	ThirdParty_MainAvionic.elf
Finished building: default.size.stdout
 
Finished building: ThirdParty_MainAvionic.list
 
13:23:58 **** Incremental Build of configuration Debug for project ThirdParty_MainAvionic ****
make -j8 all 
arm-none-eabi-gcc "../Core/Src/main.c" -mcpu=cortex-m4 -std=gnu11 -g3 -DDEBUG -DUSE_HAL_DRIVER -DSTM32F446xx -c -I../Core/Inc -I../Drivers/STM32F4xx_HAL_Driver/Inc -I../Drivers/STM32F4xx_HAL_Driver/Inc/Legacy -I../Drivers/CMSIS/Device/ST/STM32F4xx/Include -I../Drivers/CMSIS/Include -O0 -ffunction-sections -fdata-sections -Wall -fstack-usage -fcyclomatic-complexity -MMD -MP -MF"Core/Src/main.d" -MT"Core/Src/main.o" --specs=nano.specs -mfpu=fpv4-sp-d16 -mfloat-abi=hard -mthumb -o "Core/Src/main.o"
arm-none-eabi-gcc -o "ThirdParty_MainAvionic.elf" @"objects.list"   -mcpu=cortex-m4 -T"C:\Users\Lenovo\Desktop\Bedirhan\TUBITAK\RocketAvionic-FreeRTOS\ThirdParty_MainAvionic\STM32F446RETX_FLASH.ld" --specs=nosys.specs -Wl,-Map="ThirdParty_MainAvionic.map" -Wl,--gc-sections -static --specs=nano.specs -mfpu=fpv4-sp-d16 -mfloat-abi=hard -mthumb -Wl,--start-group -lc -lm -Wl,--end-group
Finished building target: ThirdParty_MainAvionic.elf
 
arm-none-eabi-size   ThirdParty_MainAvionic.elf 
arm-none-eabi-objdump -h -S  ThirdParty_MainAvionic.elf  > "ThirdParty_MainAvionic.list"
   text	   data	    bss	    dec	    hex	filename
  50136	    600	   3048	  53784	   d218	ThirdParty_MainAvionic.elf
Finished building: default.size.stdout
 
Finished building: ThirdParty_MainAvionic.list
 
13:24:44 **** Incremental Build of configuration Debug for project ThirdParty_MainAvionic ****
make -j8 all 
arm-none-eabi-size   ThirdParty_MainAvionic.elf 
   text	   data	    bss	    dec	    hex	filename
  50136	    600	   3048	  53784	   d218	ThirdParty_MainAvionic.elf
Finished building: default.size.stdout
 
13:25:24 **** Incremental Build of configuration Debug for project ThirdParty_MainAvionic ****
make -j8 all 
arm-none-eabi-gcc "../Core/Src/main.c" -mcpu=cortex-m4 -std=gnu11 -g3 -DDEBUG -DUSE_HAL_DRIVER -DSTM32F446xx -c -I../Core/Inc -I../Drivers/STM32F4xx_HAL_Driver/Inc -I../Drivers/STM32F4xx_HAL_Driver/Inc/Legacy -I../Drivers/CMSIS/Device/ST/STM32F4xx/Include -I../Drivers/CMSIS/Include -O0 -ffunction-sections -fdata-sections -Wall -fstack-usage -fcyclomatic-complexity -MMD -MP -MF"Core/Src/main.d" -MT"Core/Src/main.o" --specs=nano.specs -mfpu=fpv4-sp-d16 -mfloat-abi=hard -mthumb -o "Core/Src/main.o"
arm-none-eabi-gcc -o "ThirdParty_MainAvionic.elf" @"objects.list"   -mcpu=cortex-m4 -T"C:\Users\Lenovo\Desktop\Bedirhan\TUBITAK\RocketAvionic-FreeRTOS\ThirdParty_MainAvionic\STM32F446RETX_FLASH.ld" --specs=nosys.specs -Wl,-Map="ThirdParty_MainAvionic.map" -Wl,--gc-sections -static --specs=nano.specs -mfpu=fpv4-sp-d16 -mfloat-abi=hard -mthumb -Wl,--start-group -lc -lm -Wl,--end-group
Finished building target: ThirdParty_MainAvionic.elf
 
arm-none-eabi-size   ThirdParty_MainAvionic.elf 
arm-none-eabi-objdump -h -S  ThirdParty_MainAvionic.elf  > "ThirdParty_MainAvionic.list"
   text	   data	    bss	    dec	    hex	filename
  50136	    600	   3008	  53744	   d1f0	ThirdParty_MainAvionic.elf
Finished building: default.size.stdout
 
Finished building: ThirdParty_MainAvionic.list
 
13:25:59 **** Incremental Build of configuration Debug for project ThirdParty_MainAvionic ****
make -j8 all 
arm-none-eabi-gcc "../Core/Src/main.c" -mcpu=cortex-m4 -std=gnu11 -g3 -DDEBUG -DUSE_HAL_DRIVER -DSTM32F446xx -c -I../Core/Inc -I../Drivers/STM32F4xx_HAL_Driver/Inc -I../Drivers/STM32F4xx_HAL_Driver/Inc/Legacy -I../Drivers/CMSIS/Device/ST/STM32F4xx/Include -I../Drivers/CMSIS/Include -O0 -ffunction-sections -fdata-sections -Wall -fstack-usage -fcyclomatic-complexity -MMD -MP -MF"Core/Src/main.d" -MT"Core/Src/main.o" --specs=nano.specs -mfpu=fpv4-sp-d16 -mfloat-abi=hard -mthumb -o "Core/Src/main.o"
arm-none-eabi-gcc -o "ThirdParty_MainAvionic.elf" @"objects.list"   -mcpu=cortex-m4 -T"C:\Users\Lenovo\Desktop\Bedirhan\TUBITAK\RocketAvionic-FreeRTOS\ThirdParty_MainAvionic\STM32F446RETX_FLASH.ld" --specs=nosys.specs -Wl,-Map="ThirdParty_MainAvionic.map" -Wl,--gc-sections -static --specs=nano.specs -mfpu=fpv4-sp-d16 -mfloat-abi=hard -mthumb -Wl,--start-group -lc -lm -Wl,--end-group
Finished building target: ThirdParty_MainAvionic.elf
 
arm-none-eabi-size   ThirdParty_MainAvionic.elf 
arm-none-eabi-objdump -h -S  ThirdParty_MainAvionic.elf  > "ThirdParty_MainAvionic.list"
   text	   data	    bss	    dec	    hex	filename
  50136	    600	   3064	  53800	   d228	ThirdParty_MainAvionic.elf
Finished building: default.size.stdout
 
Finished building: ThirdParty_MainAvionic.list
 
13:29:07 **** Incremental Build of configuration Debug for project ThirdParty_MainAvionic ****
make -j8 all 
arm-none-eabi-gcc "../Core/Src/main.c" -mcpu=cortex-m4 -std=gnu11 -g3 -DDEBUG -DUSE_HAL_DRIVER -DSTM32F446xx -c -I../Core/Inc -I../Drivers/STM32F4xx_HAL_Driver/Inc -I../Drivers/STM32F4xx_HAL_Driver/Inc/Legacy -I../Drivers/CMSIS/Device/ST/STM32F4xx/Include -I../Drivers/CMSIS/Include -O0 -ffunction-sections -fdata-sections -Wall -fstack-usage -fcyclomatic-complexity -MMD -MP -MF"Core/Src/main.d" -MT"Core/Src/main.o" --specs=nano.specs -mfpu=fpv4-sp-d16 -mfloat-abi=hard -mthumb -o "Core/Src/main.o"
arm-none-eabi-gcc -o "ThirdParty_MainAvionic.elf" @"objects.list"   -mcpu=cortex-m4 -T"C:\Users\Lenovo\Desktop\Bedirhan\TUBITAK\RocketAvionic-FreeRTOS\ThirdParty_MainAvionic\STM32F446RETX_FLASH.ld" --specs=nosys.specs -Wl,-Map="ThirdParty_MainAvionic.map" -Wl,--gc-sections -static --specs=nano.specs -mfpu=fpv4-sp-d16 -mfloat-abi=hard -mthumb -Wl,--start-group -lc -lm -Wl,--end-group
Finished building target: ThirdParty_MainAvionic.elf
 
arm-none-eabi-size   ThirdParty_MainAvionic.elf 
arm-none-eabi-objdump -h -S  ThirdParty_MainAvionic.elf  > "ThirdParty_MainAvionic.list"
   text	   data	    bss	    dec	    hex	filename
  50184	    600	   3064	  53848	   d258	ThirdParty_MainAvionic.elf
Finished building: default.size.stdout
 
Finished building: ThirdParty_MainAvionic.list
 
13:33:29 **** Incremental Build of configuration Debug for project ThirdParty_MainAvionic ****
make -j8 all 
arm-none-eabi-gcc "../Core/Src/main.c" -mcpu=cortex-m4 -std=gnu11 -g3 -DDEBUG -DUSE_HAL_DRIVER -DSTM32F446xx -c -I../Core/Inc -I../Drivers/STM32F4xx_HAL_Driver/Inc -I../Drivers/STM32F4xx_HAL_Driver/Inc/Legacy -I../Drivers/CMSIS/Device/ST/STM32F4xx/Include -I../Drivers/CMSIS/Include -O0 -ffunction-sections -fdata-sections -Wall -fstack-usage -fcyclomatic-complexity -MMD -MP -MF"Core/Src/main.d" -MT"Core/Src/main.o" --specs=nano.specs -mfpu=fpv4-sp-d16 -mfloat-abi=hard -mthumb -o "Core/Src/main.o"
arm-none-eabi-gcc -o "ThirdParty_MainAvionic.elf" @"objects.list"   -mcpu=cortex-m4 -T"C:\Users\Lenovo\Desktop\Bedirhan\TUBITAK\RocketAvionic-FreeRTOS\ThirdParty_MainAvionic\STM32F446RETX_FLASH.ld" --specs=nosys.specs -Wl,-Map="ThirdParty_MainAvionic.map" -Wl,--gc-sections -static --specs=nano.specs -mfpu=fpv4-sp-d16 -mfloat-abi=hard -mthumb -Wl,--start-group -lc -lm -Wl,--end-group
Finished building target: ThirdParty_MainAvionic.elf
 
arm-none-eabi-size   ThirdParty_MainAvionic.elf 
arm-none-eabi-objdump -h -S  ThirdParty_MainAvionic.elf  > "ThirdParty_MainAvionic.list"
   text	   data	    bss	    dec	    hex	filename
  50184	    600	   3064	  53848	   d258	ThirdParty_MainAvionic.elf
Finished building: default.size.stdout
 
Finished building: ThirdParty_MainAvionic.list
 
13:34:43 **** Incremental Build of configuration Debug for project ThirdParty_MainAvionic ****
make -j8 all 
arm-none-eabi-gcc "../Core/Src/main.c" -mcpu=cortex-m4 -std=gnu11 -g3 -DDEBUG -DUSE_HAL_DRIVER -DSTM32F446xx -c -I../Core/Inc -I../Drivers/STM32F4xx_HAL_Driver/Inc -I../Drivers/STM32F4xx_HAL_Driver/Inc/Legacy -I../Drivers/CMSIS/Device/ST/STM32F4xx/Include -I../Drivers/CMSIS/Include -O0 -ffunction-sections -fdata-sections -Wall -fstack-usage -fcyclomatic-complexity -MMD -MP -MF"Core/Src/main.d" -MT"Core/Src/main.o" --specs=nano.specs -mfpu=fpv4-sp-d16 -mfloat-abi=hard -mthumb -o "Core/Src/main.o"
arm-none-eabi-gcc -o "ThirdParty_MainAvionic.elf" @"objects.list"   -mcpu=cortex-m4 -T"C:\Users\Lenovo\Desktop\Bedirhan\TUBITAK\RocketAvionic-FreeRTOS\ThirdParty_MainAvionic\STM32F446RETX_FLASH.ld" --specs=nosys.specs -Wl,-Map="ThirdParty_MainAvionic.map" -Wl,--gc-sections -static --specs=nano.specs -mfpu=fpv4-sp-d16 -mfloat-abi=hard -mthumb -Wl,--start-group -lc -lm -Wl,--end-group
Finished building target: ThirdParty_MainAvionic.elf
 
arm-none-eabi-size   ThirdParty_MainAvionic.elf 
arm-none-eabi-objdump -h -S  ThirdParty_MainAvionic.elf  > "ThirdParty_MainAvionic.list"
   text	   data	    bss	    dec	    hex	filename
  50192	    600	   3064	  53856	   d260	ThirdParty_MainAvionic.elf
Finished building: default.size.stdout
 
Finished building: ThirdParty_MainAvionic.list
 
