23:00:11 **** Incremental Build of configuration Debug for project LoraVerici ****
make -j8 all 
arm-none-eabi-gcc "../Core/Src/main.c" -mcpu=cortex-m4 -std=gnu11 -g3 -DDEBUG -DUSE_HAL_DRIVER -DSTM32F446xx -c -I../Core/Inc -I../Drivers/STM32F4xx_HAL_Driver/Inc -I../Drivers/STM32F4xx_HAL_Driver/Inc/Legacy -I../Drivers/CMSIS/Device/ST/STM32F4xx/Include -I../Drivers/CMSIS/Include -O0 -ffunction-sections -fdata-sections -Wall -fstack-usage -fcyclomatic-complexity -MMD -MP -MF"Core/Src/main.d" -MT"Core/Src/main.o" --specs=nano.specs -mfpu=fpv4-sp-d16 -mfloat-abi=hard -mthumb -o "Core/Src/main.o"
arm-none-eabi-gcc -o "LoraVerici.elf" @"objects.list"   -mcpu=cortex-m4 -T"C:\Users\Lenovo\Desktop\Bedirhan\TUBITAK\RocketAvionic-FreeRTOS\LoraVerici\STM32F446RETX_FLASH.ld" --specs=nosys.specs -Wl,-Map="LoraVerici.map" -Wl,--gc-sections -static --specs=nano.specs -mfpu=fpv4-sp-d16 -mfloat-abi=hard -mthumb -Wl,--start-group -lc -lm -Wl,--end-group
Finished building target: LoraVerici.elf
 
arm-none-eabi-size   LoraVerici.elf 
arm-none-eabi-objdump -h -S  LoraVerici.elf  > "LoraVerici.list"
   text	   data	    bss	    dec	    hex	filename
   8516	     24	   1640	  10180	   27c4	LoraVerici.elf
Finished building: default.size.stdout
 
Finished building: LoraVerici.list
 

23:00:12 Build Finished. 0 errors, 0 warnings. (took 552ms)

